
> backend@0.1.0 test
> jest tests/integration/modules/fakestore/endpoints.integration.test.ts

  console.error
    [unhandled] Error: FakeStore API error
        at Object.<anonymous> (/Users/nguyenviethung/.config/superpowers/worktrees/marketplace-platform-superpowers/marketplace-implementation/backend/tests/integration/modules/fakestore/endpoints.integration.test.ts:252:9)
        at processTicksAndRejections (node:internal/process/task_queues:103:5)

      20 |   }
      21 |
    > 22 |   console.error('[unhandled]', err);
         |           ^
      23 |   res.status(500).json({ message: 'Internal server error' });
      24 | };
      25 |

      at errorHandler (src/middleware/errorHandler.ts:22:11)
      at Layer.handle_error (../node_modules/express/lib/router/layer.js:71:5)
      at trim_prefix (../node_modules/express/lib/router/index.js:326:13)
      at ../node_modules/express/lib/router/index.js:286:9
      at router.process_params (../node_modules/express/lib/router/index.js:346:12)
      at next (../node_modules/express/lib/router/index.js:280:10)
      at ../node_modules/express/lib/router/index.js:646:15
      at next (../node_modules/express/lib/router/index.js:265:14)
      at next (../node_modules/express/lib/router/route.js:141:14)

  console.error
    [unhandled] Error: FakeStore down
        at Object.<anonymous> (/Users/nguyenviethung/.config/superpowers/worktrees/marketplace-platform-superpowers/marketplace-implementation/backend/tests/integration/modules/fakestore/endpoints.integration.test.ts:332:9)
        at Promise.then.completed (/Users/nguyenviethung/.config/superpowers/worktrees/marketplace-platform-superpowers/marketplace-implementation/node_modules/jest-circus/build/utils.js:298:28)
        at new Promise (<anonymous>)
        at callAsyncCircusFn (/Users/nguyenviethung/.config/superpowers/worktrees/marketplace-platform-superpowers/marketplace-implementation/node_modules/jest-circus/build/utils.js:231:10)
        at _callCircusTest (/Users/nguyenviethung/.config/superpowers/worktrees/marketplace-platform-superpowers/marketplace-implementation/node_modules/jest-circus/build/run.js:316:40)
        at processTicksAndRejections (node:internal/process/task_queues:103:5)
        at async _runTest (/Users/nguyenviethung/.config/superpowers/worktrees/marketplace-platform-superpowers/marketplace-implementation/node_modules/jest-circus/build/run.js:252:3)
        at async _runTestsForDescribeBlock (/Users/nguyenviethung/.config/superpowers/worktrees/marketplace-platform-superpowers/marketplace-implementation/node_modules/jest-circus/build/run.js:126:9)
        at async _runTestsForDescribeBlock (/Users/nguyenviethung/.config/superpowers/worktrees/marketplace-platform-superpowers/marketplace-implementation/node_modules/jest-circus/build/run.js:121:9)
        at async _runTestsForDescribeBlock (/Users/nguyenviethung/.config/superpowers/worktrees/marketplace-platform-superpowers/marketplace-implementation/node_modules/jest-circus/build/run.js:121:9)
        at async run (/Users/nguyenviethung/.config/superpowers/worktrees/marketplace-platform-superpowers/marketplace-implementation/node_modules/jest-circus/build/run.js:71:3)
        at async runAndTransformResultsToJestFormat (/Users/nguyenviethung/.config/superpowers/worktrees/marketplace-platform-superpowers/marketplace-implementation/node_modules/jest-circus/build/legacy-code-todo-rewrite/jestAdapterInit.js:122:21)
        at async jestAdapter (/Users/nguyenviethung/.config/superpowers/worktrees/marketplace-platform-superpowers/marketplace-implementation/node_modules/jest-circus/build/legacy-code-todo-rewrite/jestAdapter.js:79:19)
        at async runTestInternal (/Users/nguyenviethung/.config/superpowers/worktrees/marketplace-platform-superpowers/marketplace-implementation/node_modules/jest-runner/build/runTest.js:367:16)
        at async runTest (/Users/nguyenviethung/.config/superpowers/worktrees/marketplace-platform-superpowers/marketplace-implementation/node_modules/jest-runner/build/runTest.js:444:34)

      20 |   }
      21 |
    > 22 |   console.error('[unhandled]', err);
         |           ^
      23 |   res.status(500).json({ message: 'Internal server error' });
      24 | };
      25 |

      at errorHandler (src/middleware/errorHandler.ts:22:11)
      at Layer.handle_error (../node_modules/express/lib/router/layer.js:71:5)
      at trim_prefix (../node_modules/express/lib/router/index.js:326:13)
      at ../node_modules/express/lib/router/index.js:286:9
      at router.process_params (../node_modules/express/lib/router/index.js:346:12)
      at next (../node_modules/express/lib/router/index.js:280:10)
      at ../node_modules/express/lib/router/index.js:646:15
      at next (../node_modules/express/lib/router/index.js:265:14)
      at next (../node_modules/express/lib/router/route.js:141:14)

PASS tests/integration/modules/fakestore/endpoints.integration.test.ts
  FakeStore Endpoints
    GET /api/fakestore/products
      ✓ should return 401 without auth token (31 ms)
      ✓ should return 403 for buyer role (20 ms)
      ✓ should return 403 for admin role (15 ms)
      ✓ should return FakeStore products for seller with valid auth (15 ms)
      ✓ should allow seller without shop to browse products (16 ms)
      ✓ should return 5xx on FakeStore timeout/error (28 ms)
    GET /api/fakestore/categories
      ✓ should be public endpoint (no auth required) (12 ms)
      ✓ should return string array of categories from FakeStore on first call (13 ms)
      ✓ should return cached data on subsequent calls (13 ms)
      ✓ should fall back to DB on Redis unavailability (15 ms)
      ✓ should fetch from FakeStore when DB is empty and Redis unavailable (15 ms)
      ✓ should return 5xx on FakeStore error (14 ms)
    POST /api/fakestore/import
      ✓ should return 401 without auth token (19 ms)
      ✓ should return 403 if seller has no shop (15 ms)
      ✓ should import new products with correct fields (15 ms)
      ✓ should preserve existing price when overwrite=false (14 ms)
      ✓ should replace all fields when overwrite=true (13 ms)
      ✓ should apply field defaults for malformed data (13 ms)
      ✓ should return 400 for invalid request body (12 ms)
      ✓ should return 200 with importedIds and count (12 ms)
      ✓ should not invalidate Redis categories cache on import (15 ms)
    No regression
      ✓ should not break existing products endpoints (13 ms)

Test Suites: 1 passed, 1 total
Tests:       22 passed, 22 total
Snapshots:   0 total
Time:        0.958 s, estimated 1 s
Ran all test suites matching /tests\/integration\/modules\/fakestore\/endpoints.integration.test.ts/i.
