
> backend@0.1.0 test
> jest

PASS tests/unit/errors.test.ts
PASS tests/unit/middleware/auth.test.ts
PASS tests/unit/config/env.test.ts
PASS tests/unit/modules/shops/service.test.ts
PASS tests/unit/redis/helpers.test.ts
PASS tests/unit/db/migrations/runner.test.ts
  ● Console

    console.log
      Starting database migrations...

      at runMigrations (src/db/migrations/runner.ts:34:13)

    console.log
      Migrations table ensured.

      at runMigrations (src/db/migrations/runner.ts:38:13)

    console.log
      No migrations found.

      at runMigrations (src/db/migrations/runner.ts:45:15)

    console.log
      Starting database migrations...

      at runMigrations (src/db/migrations/runner.ts:34:13)

    console.log
      Starting database migrations...

      at runMigrations (src/db/migrations/runner.ts:34:13)

    console.log
      Migrations table ensured.

      at runMigrations (src/db/migrations/runner.ts:38:13)

    console.log
      No migrations found.

      at runMigrations (src/db/migrations/runner.ts:45:15)

    console.log
      Starting database migrations...

      at runMigrations (src/db/migrations/runner.ts:34:13)

    console.log
      Migrations table ensured.

      at runMigrations (src/db/migrations/runner.ts:38:13)

    console.log
      Found 1 migration(s).

      at runMigrations (src/db/migrations/runner.ts:49:13)

    console.log
      → 001_test.sql

      at runMigrations (src/db/migrations/runner.ts:66:17)

    console.log
      ✓ 001_test.sql (applied)

      at runMigrations (src/db/migrations/runner.ts:69:17)

    console.log
      
      Migrations complete. 1 new migration(s) applied.

      at runMigrations (src/db/migrations/runner.ts:78:13)

    console.log
      Starting database migrations...

      at runMigrations (src/db/migrations/runner.ts:34:13)

    console.log
      Migrations table ensured.

      at runMigrations (src/db/migrations/runner.ts:38:13)

    console.log
      Found 1 migration(s).

      at runMigrations (src/db/migrations/runner.ts:49:13)

    console.log
      ✓ 001_test.sql (already applied)

      at runMigrations (src/db/migrations/runner.ts:60:17)

    console.log
      
      Migrations complete. 0 new migration(s) applied.

      at runMigrations (src/db/migrations/runner.ts:78:13)

    console.log
      Starting database migrations...

      at runMigrations (src/db/migrations/runner.ts:34:13)

    console.log
      Migrations table ensured.

      at runMigrations (src/db/migrations/runner.ts:38:13)

    console.log
      Found 1 migration(s).

      at runMigrations (src/db/migrations/runner.ts:49:13)

    console.log
      → 001_test.sql

      at runMigrations (src/db/migrations/runner.ts:66:17)

    console.log
      ✓ 001_test.sql (applied)

      at runMigrations (src/db/migrations/runner.ts:69:17)

    console.log
      
      Migrations complete. 1 new migration(s) applied.

      at runMigrations (src/db/migrations/runner.ts:78:13)

    console.log
      Starting database migrations...

      at runMigrations (src/db/migrations/runner.ts:34:13)

    console.log
      Migrations table ensured.

      at runMigrations (src/db/migrations/runner.ts:38:13)

    console.log
      Found 3 migration(s).

      at runMigrations (src/db/migrations/runner.ts:49:13)

    console.log
      → 001_test.sql

      at runMigrations (src/db/migrations/runner.ts:66:17)

    console.log
      ✓ 001_test.sql (applied)

      at runMigrations (src/db/migrations/runner.ts:69:17)

    console.log
      → 002_test.sql

      at runMigrations (src/db/migrations/runner.ts:66:17)

    console.log
      ✓ 002_test.sql (applied)

      at runMigrations (src/db/migrations/runner.ts:69:17)

    console.log
      → 003_test.sql

      at runMigrations (src/db/migrations/runner.ts:66:17)

    console.log
      ✓ 003_test.sql (applied)

      at runMigrations (src/db/migrations/runner.ts:69:17)

    console.log
      
      Migrations complete. 3 new migration(s) applied.

      at runMigrations (src/db/migrations/runner.ts:78:13)

PASS tests/unit/redis/client.test.ts
PASS tests/unit/middleware/errorHandler.test.ts
PASS tests/unit/db/migrationUtils.test.ts
PASS tests/unit/db/client.test.ts
PASS tests/unit/app.test.ts
FAIL tests/integration/db/migrations.integration.test.ts
  ● Console

    console.log
      Starting database migrations...

      at runMigrations (src/db/migrations/runner.ts:34:13)

    console.log
      Migrations table ensured.

      at runMigrations (src/db/migrations/runner.ts:38:13)

    console.log
      Found 8 migration(s).

      at runMigrations (src/db/migrations/runner.ts:49:13)

    console.log
      → 001_create_users.sql

      at runMigrations (src/db/migrations/runner.ts:66:17)

    console.log
      ✓ 001_create_users.sql (applied)

      at runMigrations (src/db/migrations/runner.ts:69:17)

    console.log
      → 002_create_shops.sql

      at runMigrations (src/db/migrations/runner.ts:66:17)

    console.log
      ✓ 002_create_shops.sql (applied)

      at runMigrations (src/db/migrations/runner.ts:69:17)

    console.log
      → 003_create_products.sql

      at runMigrations (src/db/migrations/runner.ts:66:17)

    console.log
      ✓ 003_create_products.sql (applied)

      at runMigrations (src/db/migrations/runner.ts:69:17)

    console.log
      → 004_create_orders.sql

      at runMigrations (src/db/migrations/runner.ts:66:17)

    console.log
      ✓ 004_create_orders.sql (applied)

      at runMigrations (src/db/migrations/runner.ts:69:17)

    console.log
      → 005_create_order_items.sql

      at runMigrations (src/db/migrations/runner.ts:66:17)

    console.log
      ✓ 005_create_order_items.sql (applied)

      at runMigrations (src/db/migrations/runner.ts:69:17)

    console.log
      → 006_create_reviews.sql

      at runMigrations (src/db/migrations/runner.ts:66:17)

    console.log
      ✓ 006_create_reviews.sql (applied)

      at runMigrations (src/db/migrations/runner.ts:69:17)

    console.log
      → 007_create_categories.sql

      at runMigrations (src/db/migrations/runner.ts:66:17)

    console.log
      ✓ 007_create_categories.sql (applied)

      at runMigrations (src/db/migrations/runner.ts:69:17)

    console.log
      → 008_create_sessions.sql

      at runMigrations (src/db/migrations/runner.ts:66:17)

    console.error
      ✗ 008_create_sessions.sql failed: relation "users" does not exist

      71 |       } catch (err) {
      72 |         const errorMsg = err instanceof Error ? err.message : String(err);
    > 73 |         console.error(`✗ ${filename} failed: ${errorMsg}`);
         |                 ^
      74 |         throw err;
      75 |       }
      76 |     }

      at runMigrations (src/db/migrations/runner.ts:73:17)
      at Object.<anonymous> (tests/integration/db/migrations.integration.test.ts:66:7)

    console.log
      Starting database migrations...

      at runMigrations (src/db/migrations/runner.ts:34:13)

    console.log
      Migrations table ensured.

      at runMigrations (src/db/migrations/runner.ts:38:13)

    console.log
      Found 8 migration(s).

      at runMigrations (src/db/migrations/runner.ts:49:13)

    console.log
      ✓ 001_create_users.sql (already applied)

      at runMigrations (src/db/migrations/runner.ts:60:17)

    console.log
      ✓ 002_create_shops.sql (already applied)

      at runMigrations (src/db/migrations/runner.ts:60:17)

    console.log
      ✓ 003_create_products.sql (already applied)

      at runMigrations (src/db/migrations/runner.ts:60:17)

    console.log
      ✓ 004_create_orders.sql (already applied)

      at runMigrations (src/db/migrations/runner.ts:60:17)

    console.log
      ✓ 005_create_order_items.sql (already applied)

      at runMigrations (src/db/migrations/runner.ts:60:17)

    console.log
      ✓ 006_create_reviews.sql (already applied)

      at runMigrations (src/db/migrations/runner.ts:60:17)

    console.log
      ✓ 007_create_categories.sql (already applied)

      at runMigrations (src/db/migrations/runner.ts:60:17)

    console.log
      → 008_create_sessions.sql

      at runMigrations (src/db/migrations/runner.ts:66:17)

    console.log
      ✓ 008_create_sessions.sql (applied)

      at runMigrations (src/db/migrations/runner.ts:69:17)

    console.log
      
      Migrations complete. 1 new migration(s) applied.

      at runMigrations (src/db/migrations/runner.ts:78:13)

  ● Database Migrations Integration Tests › runMigrations › creates all required tables with correct schema

    error: relation "users" does not exist

      65 |       try {
      66 |         console.log(`→ ${filename}`);
    > 67 |         await pool.query(content);
         |         ^
      68 |         await recordMigration(pool, filename, hash);
      69 |         console.log(`✓ ${filename} (applied)`);
      70 |         applied++;

      at ../node_modules/pg-pool/index.js:45:11
      at runMigrations (src/db/migrations/runner.ts:67:9)
      at Object.<anonymous> (tests/integration/db/migrations.integration.test.ts:66:7)

  ● Database Migrations Integration Tests › runMigrations › creates users table with correct columns and constraints

    expect(received).toBe(expected) // Object.is equality

    Expected: false
    Received: true

      110 |
      111 |       // Check email_verified and terms_accepted default to false
    > 112 |       expect(columns.email_verified.nullable).toBe(false);
          |                                               ^
      113 |       expect(columns.terms_accepted.nullable).toBe(false);
      114 |     });
      115 |

      at Object.<anonymous> (tests/integration/db/migrations.integration.test.ts:112:47)

  ● Database Migrations Integration Tests › runMigrations › maintains referential integrity - foreign keys are enforced

    error: relation "shops" does not exist

      187 |       await pool.query('DELETE FROM orders');
      188 |       await pool.query('DELETE FROM products');
    > 189 |       await pool.query('DELETE FROM shops');
          |       ^
      190 |       await pool.query('DELETE FROM sessions');
      191 |       await pool.query('DELETE FROM users');
      192 |

      at ../node_modules/pg-pool/index.js:45:11
      at Object.<anonymous> (tests/integration/db/migrations.integration.test.ts:189:7)

  ● Database Migrations Integration Tests › runMigrations › validates numeric constraints on products

    error: relation "shops" does not exist

      213 |       );
      214 |
    > 215 |       await pool.query(
          |       ^
      216 |         `INSERT INTO shops (id, seller_id, name) VALUES ($1, $2, $3)`,
      217 |         [shopId, userId, 'Test Shop']
      218 |       );

      at ../node_modules/pg-pool/index.js:45:11
      at Object.<anonymous> (tests/integration/db/migrations.integration.test.ts:215:7)

  ● Database Migrations Integration Tests › runMigrations › validates rating constraints on reviews

    error: relation "shops" does not exist

      263 |       );
      264 |
    > 265 |       await pool.query(
          |       ^
      266 |         `INSERT INTO shops (id, seller_id, name) VALUES ($1, $2, $3)`,
      267 |         [shopId, userId, 'Shop2']
      268 |       );

      at ../node_modules/pg-pool/index.js:45:11
      at Object.<anonymous> (tests/integration/db/migrations.integration.test.ts:265:7)

FAIL tests/integration/modules/shops/endpoints.integration.test.ts
  ● Shops Endpoints - Integration Tests › POST /api/shops › should create shop with valid payload, returns 201 with shop object

    error: duplicate key value violates unique constraint "pg_type_typname_nsp_index"

      26 |   await db.query('DROP TABLE IF EXISTS users CASCADE');
      27 |
    > 28 |   await db.query(`
         |   ^
      29 |     CREATE TABLE users (
      30 |       id uuid PRIMARY KEY DEFAULT gen_random_uuid(),
      31 |       email text UNIQUE NOT NULL,

      at ../node_modules/pg-pool/index.js:45:11
      at setupDatabase (tests/integration/modules/shops/endpoints.integration.test.ts:28:3)
      at Object.<anonymous> (tests/integration/modules/shops/endpoints.integration.test.ts:12:3)

  ● Shops Endpoints - Integration Tests › POST /api/shops › should create shop with valid payload, returns 201 with shop object

    error: relation "shops" does not exist

      61 |
      62 | async function cleanupDatabase() {
    > 63 |   await db.query('TRUNCATE shops CASCADE');
         |   ^
      64 |   await db.query('TRUNCATE sessions CASCADE');
      65 |   await db.query('TRUNCATE users CASCADE');
      66 | }

      at ../node_modules/pg-pool/index.js:45:11
      at cleanupDatabase (tests/integration/modules/shops/endpoints.integration.test.ts:63:3)
      at Object.<anonymous> (tests/integration/modules/shops/endpoints.integration.test.ts:16:3)

  ● Shops Endpoints - Integration Tests › POST /api/shops › should reject unauthenticated requests with 401

    error: duplicate key value violates unique constraint "pg_type_typname_nsp_index"

      26 |   await db.query('DROP TABLE IF EXISTS users CASCADE');
      27 |
    > 28 |   await db.query(`
         |   ^
      29 |     CREATE TABLE users (
      30 |       id uuid PRIMARY KEY DEFAULT gen_random_uuid(),
      31 |       email text UNIQUE NOT NULL,

      at ../node_modules/pg-pool/index.js:45:11
      at setupDatabase (tests/integration/modules/shops/endpoints.integration.test.ts:28:3)
      at Object.<anonymous> (tests/integration/modules/shops/endpoints.integration.test.ts:12:3)

  ● Shops Endpoints - Integration Tests › POST /api/shops › should reject unauthenticated requests with 401

    error: relation "shops" does not exist

      61 |
      62 | async function cleanupDatabase() {
    > 63 |   await db.query('TRUNCATE shops CASCADE');
         |   ^
      64 |   await db.query('TRUNCATE sessions CASCADE');
      65 |   await db.query('TRUNCATE users CASCADE');
      66 | }

      at ../node_modules/pg-pool/index.js:45:11
      at cleanupDatabase (tests/integration/modules/shops/endpoints.integration.test.ts:63:3)
      at Object.<anonymous> (tests/integration/modules/shops/endpoints.integration.test.ts:16:3)

  ● Shops Endpoints - Integration Tests › POST /api/shops › should reject non-seller roles with 403

    error: duplicate key value violates unique constraint "pg_type_typname_nsp_index"

      26 |   await db.query('DROP TABLE IF EXISTS users CASCADE');
      27 |
    > 28 |   await db.query(`
         |   ^
      29 |     CREATE TABLE users (
      30 |       id uuid PRIMARY KEY DEFAULT gen_random_uuid(),
      31 |       email text UNIQUE NOT NULL,

      at ../node_modules/pg-pool/index.js:45:11
      at setupDatabase (tests/integration/modules/shops/endpoints.integration.test.ts:28:3)
      at Object.<anonymous> (tests/integration/modules/shops/endpoints.integration.test.ts:12:3)

  ● Shops Endpoints - Integration Tests › POST /api/shops › should reject non-seller roles with 403

    error: relation "shops" does not exist

      61 |
      62 | async function cleanupDatabase() {
    > 63 |   await db.query('TRUNCATE shops CASCADE');
         |   ^
      64 |   await db.query('TRUNCATE sessions CASCADE');
      65 |   await db.query('TRUNCATE users CASCADE');
      66 | }

      at ../node_modules/pg-pool/index.js:45:11
      at cleanupDatabase (tests/integration/modules/shops/endpoints.integration.test.ts:63:3)
      at Object.<anonymous> (tests/integration/modules/shops/endpoints.integration.test.ts:16:3)

  ● Shops Endpoints - Integration Tests › POST /api/shops › should return 400 with field-level errors when missing name

    error: duplicate key value violates unique constraint "pg_type_typname_nsp_index"

      26 |   await db.query('DROP TABLE IF EXISTS users CASCADE');
      27 |
    > 28 |   await db.query(`
         |   ^
      29 |     CREATE TABLE users (
      30 |       id uuid PRIMARY KEY DEFAULT gen_random_uuid(),
      31 |       email text UNIQUE NOT NULL,

      at ../node_modules/pg-pool/index.js:45:11
      at setupDatabase (tests/integration/modules/shops/endpoints.integration.test.ts:28:3)
      at Object.<anonymous> (tests/integration/modules/shops/endpoints.integration.test.ts:12:3)

  ● Shops Endpoints - Integration Tests › POST /api/shops › should return 400 with field-level errors when missing name

    error: relation "shops" does not exist

      61 |
      62 | async function cleanupDatabase() {
    > 63 |   await db.query('TRUNCATE shops CASCADE');
         |   ^
      64 |   await db.query('TRUNCATE sessions CASCADE');
      65 |   await db.query('TRUNCATE users CASCADE');
      66 | }

      at ../node_modules/pg-pool/index.js:45:11
      at cleanupDatabase (tests/integration/modules/shops/endpoints.integration.test.ts:63:3)
      at Object.<anonymous> (tests/integration/modules/shops/endpoints.integration.test.ts:16:3)

  ● Shops Endpoints - Integration Tests › POST /api/shops › should return 400 when optional fields are empty/whitespace-only

    error: duplicate key value violates unique constraint "pg_type_typname_nsp_index"

      26 |   await db.query('DROP TABLE IF EXISTS users CASCADE');
      27 |
    > 28 |   await db.query(`
         |   ^
      29 |     CREATE TABLE users (
      30 |       id uuid PRIMARY KEY DEFAULT gen_random_uuid(),
      31 |       email text UNIQUE NOT NULL,

      at ../node_modules/pg-pool/index.js:45:11
      at setupDatabase (tests/integration/modules/shops/endpoints.integration.test.ts:28:3)
      at Object.<anonymous> (tests/integration/modules/shops/endpoints.integration.test.ts:12:3)

  ● Shops Endpoints - Integration Tests › POST /api/shops › should return 400 when optional fields are empty/whitespace-only

    error: relation "shops" does not exist

      61 |
      62 | async function cleanupDatabase() {
    > 63 |   await db.query('TRUNCATE shops CASCADE');
         |   ^
      64 |   await db.query('TRUNCATE sessions CASCADE');
      65 |   await db.query('TRUNCATE users CASCADE');
      66 | }

      at ../node_modules/pg-pool/index.js:45:11
      at cleanupDatabase (tests/integration/modules/shops/endpoints.integration.test.ts:63:3)
      at Object.<anonymous> (tests/integration/modules/shops/endpoints.integration.test.ts:16:3)

  ● Shops Endpoints - Integration Tests › POST /api/shops › should return 409 Conflict when same seller creates shop twice (SHOP-02)

    error: duplicate key value violates unique constraint "pg_type_typname_nsp_index"

      26 |   await db.query('DROP TABLE IF EXISTS users CASCADE');
      27 |
    > 28 |   await db.query(`
         |   ^
      29 |     CREATE TABLE users (
      30 |       id uuid PRIMARY KEY DEFAULT gen_random_uuid(),
      31 |       email text UNIQUE NOT NULL,

      at ../node_modules/pg-pool/index.js:45:11
      at setupDatabase (tests/integration/modules/shops/endpoints.integration.test.ts:28:3)
      at Object.<anonymous> (tests/integration/modules/shops/endpoints.integration.test.ts:12:3)

  ● Shops Endpoints - Integration Tests › POST /api/shops › should return 409 Conflict when same seller creates shop twice (SHOP-02)

    error: relation "shops" does not exist

      61 |
      62 | async function cleanupDatabase() {
    > 63 |   await db.query('TRUNCATE shops CASCADE');
         |   ^
      64 |   await db.query('TRUNCATE sessions CASCADE');
      65 |   await db.query('TRUNCATE users CASCADE');
      66 | }

      at ../node_modules/pg-pool/index.js:45:11
      at cleanupDatabase (tests/integration/modules/shops/endpoints.integration.test.ts:63:3)
      at Object.<anonymous> (tests/integration/modules/shops/endpoints.integration.test.ts:16:3)

  ● Shops Endpoints - Integration Tests › GET /api/shops/my › should return 404 when seller has no shop yet (onboarding gate AC-09)

    error: duplicate key value violates unique constraint "pg_type_typname_nsp_index"

      26 |   await db.query('DROP TABLE IF EXISTS users CASCADE');
      27 |
    > 28 |   await db.query(`
         |   ^
      29 |     CREATE TABLE users (
      30 |       id uuid PRIMARY KEY DEFAULT gen_random_uuid(),
      31 |       email text UNIQUE NOT NULL,

      at ../node_modules/pg-pool/index.js:45:11
      at setupDatabase (tests/integration/modules/shops/endpoints.integration.test.ts:28:3)
      at Object.<anonymous> (tests/integration/modules/shops/endpoints.integration.test.ts:12:3)

  ● Shops Endpoints - Integration Tests › GET /api/shops/my › should return 404 when seller has no shop yet (onboarding gate AC-09)

    error: relation "shops" does not exist

      61 |
      62 | async function cleanupDatabase() {
    > 63 |   await db.query('TRUNCATE shops CASCADE');
         |   ^
      64 |   await db.query('TRUNCATE sessions CASCADE');
      65 |   await db.query('TRUNCATE users CASCADE');
      66 | }

      at ../node_modules/pg-pool/index.js:45:11
      at cleanupDatabase (tests/integration/modules/shops/endpoints.integration.test.ts:63:3)
      at Object.<anonymous> (tests/integration/modules/shops/endpoints.integration.test.ts:16:3)

  ● Shops Endpoints - Integration Tests › GET /api/shops/my › should return 401 for unauthenticated requests

    error: duplicate key value violates unique constraint "pg_type_typname_nsp_index"

      26 |   await db.query('DROP TABLE IF EXISTS users CASCADE');
      27 |
    > 28 |   await db.query(`
         |   ^
      29 |     CREATE TABLE users (
      30 |       id uuid PRIMARY KEY DEFAULT gen_random_uuid(),
      31 |       email text UNIQUE NOT NULL,

      at ../node_modules/pg-pool/index.js:45:11
      at setupDatabase (tests/integration/modules/shops/endpoints.integration.test.ts:28:3)
      at Object.<anonymous> (tests/integration/modules/shops/endpoints.integration.test.ts:12:3)

  ● Shops Endpoints - Integration Tests › GET /api/shops/my › should return 401 for unauthenticated requests

    error: relation "shops" does not exist

      61 |
      62 | async function cleanupDatabase() {
    > 63 |   await db.query('TRUNCATE shops CASCADE');
         |   ^
      64 |   await db.query('TRUNCATE sessions CASCADE');
      65 |   await db.query('TRUNCATE users CASCADE');
      66 | }

      at ../node_modules/pg-pool/index.js:45:11
      at cleanupDatabase (tests/integration/modules/shops/endpoints.integration.test.ts:63:3)
      at Object.<anonymous> (tests/integration/modules/shops/endpoints.integration.test.ts:16:3)

  ● Shops Endpoints - Integration Tests › GET /api/shops/my › should return 403 for non-seller roles

    error: duplicate key value violates unique constraint "pg_type_typname_nsp_index"

      26 |   await db.query('DROP TABLE IF EXISTS users CASCADE');
      27 |
    > 28 |   await db.query(`
         |   ^
      29 |     CREATE TABLE users (
      30 |       id uuid PRIMARY KEY DEFAULT gen_random_uuid(),
      31 |       email text UNIQUE NOT NULL,

      at ../node_modules/pg-pool/index.js:45:11
      at setupDatabase (tests/integration/modules/shops/endpoints.integration.test.ts:28:3)
      at Object.<anonymous> (tests/integration/modules/shops/endpoints.integration.test.ts:12:3)

  ● Shops Endpoints - Integration Tests › GET /api/shops/my › should return 403 for non-seller roles

    error: relation "shops" does not exist

      61 |
      62 | async function cleanupDatabase() {
    > 63 |   await db.query('TRUNCATE shops CASCADE');
         |   ^
      64 |   await db.query('TRUNCATE sessions CASCADE');
      65 |   await db.query('TRUNCATE users CASCADE');
      66 | }

      at ../node_modules/pg-pool/index.js:45:11
      at cleanupDatabase (tests/integration/modules/shops/endpoints.integration.test.ts:63:3)
      at Object.<anonymous> (tests/integration/modules/shops/endpoints.integration.test.ts:16:3)

  ● Shops Endpoints - Integration Tests › GET /api/shops/my › should return shop after it is created

    error: duplicate key value violates unique constraint "pg_type_typname_nsp_index"

      26 |   await db.query('DROP TABLE IF EXISTS users CASCADE');
      27 |
    > 28 |   await db.query(`
         |   ^
      29 |     CREATE TABLE users (
      30 |       id uuid PRIMARY KEY DEFAULT gen_random_uuid(),
      31 |       email text UNIQUE NOT NULL,

      at ../node_modules/pg-pool/index.js:45:11
      at setupDatabase (tests/integration/modules/shops/endpoints.integration.test.ts:28:3)
      at Object.<anonymous> (tests/integration/modules/shops/endpoints.integration.test.ts:12:3)

  ● Shops Endpoints - Integration Tests › GET /api/shops/my › should return shop after it is created

    error: relation "shops" does not exist

      61 |
      62 | async function cleanupDatabase() {
    > 63 |   await db.query('TRUNCATE shops CASCADE');
         |   ^
      64 |   await db.query('TRUNCATE sessions CASCADE');
      65 |   await db.query('TRUNCATE users CASCADE');
      66 | }

      at ../node_modules/pg-pool/index.js:45:11
      at cleanupDatabase (tests/integration/modules/shops/endpoints.integration.test.ts:63:3)
      at Object.<anonymous> (tests/integration/modules/shops/endpoints.integration.test.ts:16:3)

  ● Shops Endpoints - Integration Tests › PUT /api/shops/my › should update current seller shop, returns 200 with updated shop object

    error: duplicate key value violates unique constraint "pg_type_typname_nsp_index"

      26 |   await db.query('DROP TABLE IF EXISTS users CASCADE');
      27 |
    > 28 |   await db.query(`
         |   ^
      29 |     CREATE TABLE users (
      30 |       id uuid PRIMARY KEY DEFAULT gen_random_uuid(),
      31 |       email text UNIQUE NOT NULL,

      at ../node_modules/pg-pool/index.js:45:11
      at setupDatabase (tests/integration/modules/shops/endpoints.integration.test.ts:28:3)
      at Object.<anonymous> (tests/integration/modules/shops/endpoints.integration.test.ts:12:3)

  ● Shops Endpoints - Integration Tests › PUT /api/shops/my › should update current seller shop, returns 200 with updated shop object

    error: relation "shops" does not exist

      61 |
      62 | async function cleanupDatabase() {
    > 63 |   await db.query('TRUNCATE shops CASCADE');
         |   ^
      64 |   await db.query('TRUNCATE sessions CASCADE');
      65 |   await db.query('TRUNCATE users CASCADE');
      66 | }

      at ../node_modules/pg-pool/index.js:45:11
      at cleanupDatabase (tests/integration/modules/shops/endpoints.integration.test.ts:63:3)
      at Object.<anonymous> (tests/integration/modules/shops/endpoints.integration.test.ts:16:3)

  ● Shops Endpoints - Integration Tests › PUT /api/shops/my › should return 400 with validation errors for invalid body

    error: duplicate key value violates unique constraint "pg_type_typname_nsp_index"

      26 |   await db.query('DROP TABLE IF EXISTS users CASCADE');
      27 |
    > 28 |   await db.query(`
         |   ^
      29 |     CREATE TABLE users (
      30 |       id uuid PRIMARY KEY DEFAULT gen_random_uuid(),
      31 |       email text UNIQUE NOT NULL,

      at ../node_modules/pg-pool/index.js:45:11
      at setupDatabase (tests/integration/modules/shops/endpoints.integration.test.ts:28:3)
      at Object.<anonymous> (tests/integration/modules/shops/endpoints.integration.test.ts:12:3)

  ● Shops Endpoints - Integration Tests › PUT /api/shops/my › should return 400 with validation errors for invalid body

    error: relation "shops" does not exist

      61 |
      62 | async function cleanupDatabase() {
    > 63 |   await db.query('TRUNCATE shops CASCADE');
         |   ^
      64 |   await db.query('TRUNCATE sessions CASCADE');
      65 |   await db.query('TRUNCATE users CASCADE');
      66 | }

      at ../node_modules/pg-pool/index.js:45:11
      at cleanupDatabase (tests/integration/modules/shops/endpoints.integration.test.ts:63:3)
      at Object.<anonymous> (tests/integration/modules/shops/endpoints.integration.test.ts:16:3)

  ● Shops Endpoints - Integration Tests › PUT /api/shops/my › should update only provided fields, leaves others unchanged

    error: duplicate key value violates unique constraint "pg_type_typname_nsp_index"

      26 |   await db.query('DROP TABLE IF EXISTS users CASCADE');
      27 |
    > 28 |   await db.query(`
         |   ^
      29 |     CREATE TABLE users (
      30 |       id uuid PRIMARY KEY DEFAULT gen_random_uuid(),
      31 |       email text UNIQUE NOT NULL,

      at ../node_modules/pg-pool/index.js:45:11
      at setupDatabase (tests/integration/modules/shops/endpoints.integration.test.ts:28:3)
      at Object.<anonymous> (tests/integration/modules/shops/endpoints.integration.test.ts:12:3)

  ● Shops Endpoints - Integration Tests › PUT /api/shops/my › should update only provided fields, leaves others unchanged

    error: relation "shops" does not exist

      61 |
      62 | async function cleanupDatabase() {
    > 63 |   await db.query('TRUNCATE shops CASCADE');
         |   ^
      64 |   await db.query('TRUNCATE sessions CASCADE');
      65 |   await db.query('TRUNCATE users CASCADE');
      66 | }

      at ../node_modules/pg-pool/index.js:45:11
      at cleanupDatabase (tests/integration/modules/shops/endpoints.integration.test.ts:63:3)
      at Object.<anonymous> (tests/integration/modules/shops/endpoints.integration.test.ts:16:3)

  ● Shops Endpoints - Integration Tests › PUT /api/shops/my › should return 401 for unauthenticated requests

    error: duplicate key value violates unique constraint "pg_type_typname_nsp_index"

      26 |   await db.query('DROP TABLE IF EXISTS users CASCADE');
      27 |
    > 28 |   await db.query(`
         |   ^
      29 |     CREATE TABLE users (
      30 |       id uuid PRIMARY KEY DEFAULT gen_random_uuid(),
      31 |       email text UNIQUE NOT NULL,

      at ../node_modules/pg-pool/index.js:45:11
      at setupDatabase (tests/integration/modules/shops/endpoints.integration.test.ts:28:3)
      at Object.<anonymous> (tests/integration/modules/shops/endpoints.integration.test.ts:12:3)

  ● Shops Endpoints - Integration Tests › PUT /api/shops/my › should return 401 for unauthenticated requests

    error: relation "shops" does not exist

      61 |
      62 | async function cleanupDatabase() {
    > 63 |   await db.query('TRUNCATE shops CASCADE');
         |   ^
      64 |   await db.query('TRUNCATE sessions CASCADE');
      65 |   await db.query('TRUNCATE users CASCADE');
      66 | }

      at ../node_modules/pg-pool/index.js:45:11
      at cleanupDatabase (tests/integration/modules/shops/endpoints.integration.test.ts:63:3)
      at Object.<anonymous> (tests/integration/modules/shops/endpoints.integration.test.ts:16:3)

  ● Shops Endpoints - Integration Tests › PUT /api/shops/my › should return 403 for non-seller roles

    error: duplicate key value violates unique constraint "pg_type_typname_nsp_index"

      26 |   await db.query('DROP TABLE IF EXISTS users CASCADE');
      27 |
    > 28 |   await db.query(`
         |   ^
      29 |     CREATE TABLE users (
      30 |       id uuid PRIMARY KEY DEFAULT gen_random_uuid(),
      31 |       email text UNIQUE NOT NULL,

      at ../node_modules/pg-pool/index.js:45:11
      at setupDatabase (tests/integration/modules/shops/endpoints.integration.test.ts:28:3)
      at Object.<anonymous> (tests/integration/modules/shops/endpoints.integration.test.ts:12:3)

  ● Shops Endpoints - Integration Tests › PUT /api/shops/my › should return 403 for non-seller roles

    error: relation "shops" does not exist

      61 |
      62 | async function cleanupDatabase() {
    > 63 |   await db.query('TRUNCATE shops CASCADE');
         |   ^
      64 |   await db.query('TRUNCATE sessions CASCADE');
      65 |   await db.query('TRUNCATE users CASCADE');
      66 | }

      at ../node_modules/pg-pool/index.js:45:11
      at cleanupDatabase (tests/integration/modules/shops/endpoints.integration.test.ts:63:3)
      at Object.<anonymous> (tests/integration/modules/shops/endpoints.integration.test.ts:16:3)

  ● Shops Endpoints - Integration Tests › GET /api/shops/:id › should return shop by ID without auth

    error: duplicate key value violates unique constraint "pg_type_typname_nsp_index"

      26 |   await db.query('DROP TABLE IF EXISTS users CASCADE');
      27 |
    > 28 |   await db.query(`
         |   ^
      29 |     CREATE TABLE users (
      30 |       id uuid PRIMARY KEY DEFAULT gen_random_uuid(),
      31 |       email text UNIQUE NOT NULL,

      at ../node_modules/pg-pool/index.js:45:11
      at setupDatabase (tests/integration/modules/shops/endpoints.integration.test.ts:28:3)
      at Object.<anonymous> (tests/integration/modules/shops/endpoints.integration.test.ts:12:3)

  ● Shops Endpoints - Integration Tests › GET /api/shops/:id › should return shop by ID without auth

    error: relation "shops" does not exist

      61 |
      62 | async function cleanupDatabase() {
    > 63 |   await db.query('TRUNCATE shops CASCADE');
         |   ^
      64 |   await db.query('TRUNCATE sessions CASCADE');
      65 |   await db.query('TRUNCATE users CASCADE');
      66 | }

      at ../node_modules/pg-pool/index.js:45:11
      at cleanupDatabase (tests/integration/modules/shops/endpoints.integration.test.ts:63:3)
      at Object.<anonymous> (tests/integration/modules/shops/endpoints.integration.test.ts:16:3)

  ● Shops Endpoints - Integration Tests › GET /api/shops/:id › should NOT return seller_id in response body for public endpoint

    error: duplicate key value violates unique constraint "pg_type_typname_nsp_index"

      26 |   await db.query('DROP TABLE IF EXISTS users CASCADE');
      27 |
    > 28 |   await db.query(`
         |   ^
      29 |     CREATE TABLE users (
      30 |       id uuid PRIMARY KEY DEFAULT gen_random_uuid(),
      31 |       email text UNIQUE NOT NULL,

      at ../node_modules/pg-pool/index.js:45:11
      at setupDatabase (tests/integration/modules/shops/endpoints.integration.test.ts:28:3)
      at Object.<anonymous> (tests/integration/modules/shops/endpoints.integration.test.ts:12:3)

  ● Shops Endpoints - Integration Tests › GET /api/shops/:id › should NOT return seller_id in response body for public endpoint

    error: relation "shops" does not exist

      61 |
      62 | async function cleanupDatabase() {
    > 63 |   await db.query('TRUNCATE shops CASCADE');
         |   ^
      64 |   await db.query('TRUNCATE sessions CASCADE');
      65 |   await db.query('TRUNCATE users CASCADE');
      66 | }

      at ../node_modules/pg-pool/index.js:45:11
      at cleanupDatabase (tests/integration/modules/shops/endpoints.integration.test.ts:63:3)
      at Object.<anonymous> (tests/integration/modules/shops/endpoints.integration.test.ts:16:3)

  ● Shops Endpoints - Integration Tests › GET /api/shops/:id › should return 404 if shop not found

    error: duplicate key value violates unique constraint "pg_type_typname_nsp_index"

      26 |   await db.query('DROP TABLE IF EXISTS users CASCADE');
      27 |
    > 28 |   await db.query(`
         |   ^
      29 |     CREATE TABLE users (
      30 |       id uuid PRIMARY KEY DEFAULT gen_random_uuid(),
      31 |       email text UNIQUE NOT NULL,

      at ../node_modules/pg-pool/index.js:45:11
      at setupDatabase (tests/integration/modules/shops/endpoints.integration.test.ts:28:3)
      at Object.<anonymous> (tests/integration/modules/shops/endpoints.integration.test.ts:12:3)

  ● Shops Endpoints - Integration Tests › GET /api/shops/:id › should return 404 if shop not found

    error: relation "shops" does not exist

      61 |
      62 | async function cleanupDatabase() {
    > 63 |   await db.query('TRUNCATE shops CASCADE');
         |   ^
      64 |   await db.query('TRUNCATE sessions CASCADE');
      65 |   await db.query('TRUNCATE users CASCADE');
      66 | }

      at ../node_modules/pg-pool/index.js:45:11
      at cleanupDatabase (tests/integration/modules/shops/endpoints.integration.test.ts:63:3)
      at Object.<anonymous> (tests/integration/modules/shops/endpoints.integration.test.ts:16:3)

  ● Shops Endpoints - Integration Tests › Onboarding Gate Scenario (AC-09) › should follow complete onboarding flow: no shop → 404 → create shop → success

    error: duplicate key value violates unique constraint "pg_type_typname_nsp_index"

      26 |   await db.query('DROP TABLE IF EXISTS users CASCADE');
      27 |
    > 28 |   await db.query(`
         |   ^
      29 |     CREATE TABLE users (
      30 |       id uuid PRIMARY KEY DEFAULT gen_random_uuid(),
      31 |       email text UNIQUE NOT NULL,

      at ../node_modules/pg-pool/index.js:45:11
      at setupDatabase (tests/integration/modules/shops/endpoints.integration.test.ts:28:3)
      at Object.<anonymous> (tests/integration/modules/shops/endpoints.integration.test.ts:12:3)

  ● Shops Endpoints - Integration Tests › Onboarding Gate Scenario (AC-09) › should follow complete onboarding flow: no shop → 404 → create shop → success

    error: relation "shops" does not exist

      61 |
      62 | async function cleanupDatabase() {
    > 63 |   await db.query('TRUNCATE shops CASCADE');
         |   ^
      64 |   await db.query('TRUNCATE sessions CASCADE');
      65 |   await db.query('TRUNCATE users CASCADE');
      66 | }

      at ../node_modules/pg-pool/index.js:45:11
      at cleanupDatabase (tests/integration/modules/shops/endpoints.integration.test.ts:63:3)
      at Object.<anonymous> (tests/integration/modules/shops/endpoints.integration.test.ts:16:3)

PASS tests/unit/modules/auth/service.test.ts
FAIL tests/integration/modules/auth/endpoints.integration.test.ts (8.249 s)
  ● Console

    console.error
      [unhandled] error: relation "users" does not exist
          at /Users/nguyenviethung/.config/superpowers/worktrees/marketplace-platform-superpowers/marketplace-implementation/node_modules/pg-pool/index.js:45:11
          at processTicksAndRejections (node:internal/process/task_queues:103:5)
          at AuthService.register (/Users/nguyenviethung/.config/superpowers/worktrees/marketplace-platform-superpowers/marketplace-implementation/backend/src/modules/auth/service.ts:45:22)
          at AuthController.register (/Users/nguyenviethung/.config/superpowers/worktrees/marketplace-platform-superpowers/marketplace-implementation/backend/src/modules/auth/controller.ts:7:20) {
        length: 104,
        severity: 'ERROR',
        code: '42P01',
        detail: undefined,
        hint: undefined,
        position: '13',
        internalPosition: undefined,
        internalQuery: undefined,
        where: undefined,
        schema: undefined,
        table: undefined,
        column: undefined,
        dataType: undefined,
        constraint: undefined,
        file: 'parse_relation.c',
        line: '1449',
        routine: 'parserOpenTable'
      }

      20 |   }
      21 |
    > 22 |   console.error('[unhandled]', err);
         |           ^
      23 |   res.status(500).json({ message: 'Internal server error' });
      24 | };
      25 |

      at errorHandler (src/middleware/errorHandler.ts:22:11)
      at Layer.handle_error (../node_modules/express/lib/router/layer.js:71:5)
      at trim_prefix (../node_modules/express/lib/router/index.js:326:13)
      at ../node_modules/express/lib/router/index.js:286:9
      at router.process_params (../node_modules/express/lib/router/index.js:346:12)
      at next (../node_modules/express/lib/router/index.js:280:10)
      at ../node_modules/express/lib/router/index.js:646:15
      at next (../node_modules/express/lib/router/index.js:265:14)
      at next (../node_modules/express/lib/router/route.js:141:14)

    console.error
      [unhandled] error: relation "users" does not exist
          at /Users/nguyenviethung/.config/superpowers/worktrees/marketplace-platform-superpowers/marketplace-implementation/node_modules/pg-pool/index.js:45:11
          at processTicksAndRejections (node:internal/process/task_queues:103:5)
          at AuthService.register (/Users/nguyenviethung/.config/superpowers/worktrees/marketplace-platform-superpowers/marketplace-implementation/backend/src/modules/auth/service.ts:45:22)
          at AuthController.register (/Users/nguyenviethung/.config/superpowers/worktrees/marketplace-platform-superpowers/marketplace-implementation/backend/src/modules/auth/controller.ts:7:20) {
        length: 104,
        severity: 'ERROR',
        code: '42P01',
        detail: undefined,
        hint: undefined,
        position: '13',
        internalPosition: undefined,
        internalQuery: undefined,
        where: undefined,
        schema: undefined,
        table: undefined,
        column: undefined,
        dataType: undefined,
        constraint: undefined,
        file: 'parse_relation.c',
        line: '1449',
        routine: 'parserOpenTable'
      }

      20 |   }
      21 |
    > 22 |   console.error('[unhandled]', err);
         |           ^
      23 |   res.status(500).json({ message: 'Internal server error' });
      24 | };
      25 |

      at errorHandler (src/middleware/errorHandler.ts:22:11)
      at Layer.handle_error (../node_modules/express/lib/router/layer.js:71:5)
      at trim_prefix (../node_modules/express/lib/router/index.js:326:13)
      at ../node_modules/express/lib/router/index.js:286:9
      at router.process_params (../node_modules/express/lib/router/index.js:346:12)
      at next (../node_modules/express/lib/router/index.js:280:10)
      at ../node_modules/express/lib/router/index.js:646:15
      at next (../node_modules/express/lib/router/index.js:265:14)
      at next (../node_modules/express/lib/router/route.js:141:14)

    console.error
      [unhandled] error: relation "users" does not exist
          at /Users/nguyenviethung/.config/superpowers/worktrees/marketplace-platform-superpowers/marketplace-implementation/node_modules/pg-pool/index.js:45:11
          at processTicksAndRejections (node:internal/process/task_queues:103:5)
          at AuthService.register (/Users/nguyenviethung/.config/superpowers/worktrees/marketplace-platform-superpowers/marketplace-implementation/backend/src/modules/auth/service.ts:45:22)
          at AuthController.register (/Users/nguyenviethung/.config/superpowers/worktrees/marketplace-platform-superpowers/marketplace-implementation/backend/src/modules/auth/controller.ts:7:20) {
        length: 104,
        severity: 'ERROR',
        code: '42P01',
        detail: undefined,
        hint: undefined,
        position: '13',
        internalPosition: undefined,
        internalQuery: undefined,
        where: undefined,
        schema: undefined,
        table: undefined,
        column: undefined,
        dataType: undefined,
        constraint: undefined,
        file: 'parse_relation.c',
        line: '1449',
        routine: 'parserOpenTable'
      }

      20 |   }
      21 |
    > 22 |   console.error('[unhandled]', err);
         |           ^
      23 |   res.status(500).json({ message: 'Internal server error' });
      24 | };
      25 |

      at errorHandler (src/middleware/errorHandler.ts:22:11)
      at Layer.handle_error (../node_modules/express/lib/router/layer.js:71:5)
      at trim_prefix (../node_modules/express/lib/router/index.js:326:13)
      at ../node_modules/express/lib/router/index.js:286:9
      at router.process_params (../node_modules/express/lib/router/index.js:346:12)
      at next (../node_modules/express/lib/router/index.js:280:10)
      at ../node_modules/express/lib/router/index.js:646:15
      at next (../node_modules/express/lib/router/index.js:265:14)
      at next (../node_modules/express/lib/router/route.js:141:14)

    console.error
      [unhandled] error: relation "users" does not exist
          at /Users/nguyenviethung/.config/superpowers/worktrees/marketplace-platform-superpowers/marketplace-implementation/node_modules/pg-pool/index.js:45:11
          at processTicksAndRejections (node:internal/process/task_queues:103:5)
          at AuthService.register (/Users/nguyenviethung/.config/superpowers/worktrees/marketplace-platform-superpowers/marketplace-implementation/backend/src/modules/auth/service.ts:45:22)
          at AuthController.register (/Users/nguyenviethung/.config/superpowers/worktrees/marketplace-platform-superpowers/marketplace-implementation/backend/src/modules/auth/controller.ts:7:20) {
        length: 104,
        severity: 'ERROR',
        code: '42P01',
        detail: undefined,
        hint: undefined,
        position: '13',
        internalPosition: undefined,
        internalQuery: undefined,
        where: undefined,
        schema: undefined,
        table: undefined,
        column: undefined,
        dataType: undefined,
        constraint: undefined,
        file: 'parse_relation.c',
        line: '1449',
        routine: 'parserOpenTable'
      }

      20 |   }
      21 |
    > 22 |   console.error('[unhandled]', err);
         |           ^
      23 |   res.status(500).json({ message: 'Internal server error' });
      24 | };
      25 |

      at errorHandler (src/middleware/errorHandler.ts:22:11)
      at Layer.handle_error (../node_modules/express/lib/router/layer.js:71:5)
      at trim_prefix (../node_modules/express/lib/router/index.js:326:13)
      at ../node_modules/express/lib/router/index.js:286:9
      at router.process_params (../node_modules/express/lib/router/index.js:346:12)
      at next (../node_modules/express/lib/router/index.js:280:10)
      at ../node_modules/express/lib/router/index.js:646:15
      at next (../node_modules/express/lib/router/index.js:265:14)
      at next (../node_modules/express/lib/router/route.js:141:14)

    console.error
      [unhandled] error: relation "users" does not exist
          at /Users/nguyenviethung/.config/superpowers/worktrees/marketplace-platform-superpowers/marketplace-implementation/node_modules/pg-pool/index.js:45:11
          at processTicksAndRejections (node:internal/process/task_queues:103:5)
          at AuthService.register (/Users/nguyenviethung/.config/superpowers/worktrees/marketplace-platform-superpowers/marketplace-implementation/backend/src/modules/auth/service.ts:45:22)
          at AuthController.register (/Users/nguyenviethung/.config/superpowers/worktrees/marketplace-platform-superpowers/marketplace-implementation/backend/src/modules/auth/controller.ts:7:20) {
        length: 104,
        severity: 'ERROR',
        code: '42P01',
        detail: undefined,
        hint: undefined,
        position: '13',
        internalPosition: undefined,
        internalQuery: undefined,
        where: undefined,
        schema: undefined,
        table: undefined,
        column: undefined,
        dataType: undefined,
        constraint: undefined,
        file: 'parse_relation.c',
        line: '1449',
        routine: 'parserOpenTable'
      }

      20 |   }
      21 |
    > 22 |   console.error('[unhandled]', err);
         |           ^
      23 |   res.status(500).json({ message: 'Internal server error' });
      24 | };
      25 |

      at errorHandler (src/middleware/errorHandler.ts:22:11)
      at Layer.handle_error (../node_modules/express/lib/router/layer.js:71:5)
      at trim_prefix (../node_modules/express/lib/router/index.js:326:13)
      at ../node_modules/express/lib/router/index.js:286:9
      at router.process_params (../node_modules/express/lib/router/index.js:346:12)
      at next (../node_modules/express/lib/router/index.js:280:10)
      at ../node_modules/express/lib/router/index.js:646:15
      at next (../node_modules/express/lib/router/index.js:265:14)
      at next (../node_modules/express/lib/router/route.js:141:14)

    console.error
      [unhandled] error: relation "users" does not exist
          at /Users/nguyenviethung/.config/superpowers/worktrees/marketplace-platform-superpowers/marketplace-implementation/node_modules/pg-pool/index.js:45:11
          at processTicksAndRejections (node:internal/process/task_queues:103:5)
          at AuthService.register (/Users/nguyenviethung/.config/superpowers/worktrees/marketplace-platform-superpowers/marketplace-implementation/backend/src/modules/auth/service.ts:45:22)
          at AuthController.register (/Users/nguyenviethung/.config/superpowers/worktrees/marketplace-platform-superpowers/marketplace-implementation/backend/src/modules/auth/controller.ts:7:20) {
        length: 104,
        severity: 'ERROR',
        code: '42P01',
        detail: undefined,
        hint: undefined,
        position: '13',
        internalPosition: undefined,
        internalQuery: undefined,
        where: undefined,
        schema: undefined,
        table: undefined,
        column: undefined,
        dataType: undefined,
        constraint: undefined,
        file: 'parse_relation.c',
        line: '1449',
        routine: 'parserOpenTable'
      }

      20 |   }
      21 |
    > 22 |   console.error('[unhandled]', err);
         |           ^
      23 |   res.status(500).json({ message: 'Internal server error' });
      24 | };
      25 |

      at errorHandler (src/middleware/errorHandler.ts:22:11)
      at Layer.handle_error (../node_modules/express/lib/router/layer.js:71:5)
      at trim_prefix (../node_modules/express/lib/router/index.js:326:13)
      at ../node_modules/express/lib/router/index.js:286:9
      at router.process_params (../node_modules/express/lib/router/index.js:346:12)
      at next (../node_modules/express/lib/router/index.js:280:10)
      at ../node_modules/express/lib/router/index.js:646:15
      at next (../node_modules/express/lib/router/index.js:265:14)
      at next (../node_modules/express/lib/router/route.js:141:14)

    console.error
      [unhandled] error: relation "users" does not exist
          at /Users/nguyenviethung/.config/superpowers/worktrees/marketplace-platform-superpowers/marketplace-implementation/node_modules/pg-pool/index.js:45:11
          at processTicksAndRejections (node:internal/process/task_queues:103:5)
          at AuthService.register (/Users/nguyenviethung/.config/superpowers/worktrees/marketplace-platform-superpowers/marketplace-implementation/backend/src/modules/auth/service.ts:45:22)
          at AuthController.register (/Users/nguyenviethung/.config/superpowers/worktrees/marketplace-platform-superpowers/marketplace-implementation/backend/src/modules/auth/controller.ts:7:20) {
        length: 104,
        severity: 'ERROR',
        code: '42P01',
        detail: undefined,
        hint: undefined,
        position: '13',
        internalPosition: undefined,
        internalQuery: undefined,
        where: undefined,
        schema: undefined,
        table: undefined,
        column: undefined,
        dataType: undefined,
        constraint: undefined,
        file: 'parse_relation.c',
        line: '1449',
        routine: 'parserOpenTable'
      }

      20 |   }
      21 |
    > 22 |   console.error('[unhandled]', err);
         |           ^
      23 |   res.status(500).json({ message: 'Internal server error' });
      24 | };
      25 |

      at errorHandler (src/middleware/errorHandler.ts:22:11)
      at Layer.handle_error (../node_modules/express/lib/router/layer.js:71:5)
      at trim_prefix (../node_modules/express/lib/router/index.js:326:13)
      at ../node_modules/express/lib/router/index.js:286:9
      at router.process_params (../node_modules/express/lib/router/index.js:346:12)
      at next (../node_modules/express/lib/router/index.js:280:10)
      at ../node_modules/express/lib/router/index.js:646:15
      at next (../node_modules/express/lib/router/index.js:265:14)
      at next (../node_modules/express/lib/router/route.js:141:14)

    console.error
      [unhandled] error: relation "users" does not exist
          at /Users/nguyenviethung/.config/superpowers/worktrees/marketplace-platform-superpowers/marketplace-implementation/node_modules/pg-pool/index.js:45:11
          at processTicksAndRejections (node:internal/process/task_queues:103:5)
          at AuthService.register (/Users/nguyenviethung/.config/superpowers/worktrees/marketplace-platform-superpowers/marketplace-implementation/backend/src/modules/auth/service.ts:45:22)
          at AuthController.register (/Users/nguyenviethung/.config/superpowers/worktrees/marketplace-platform-superpowers/marketplace-implementation/backend/src/modules/auth/controller.ts:7:20) {
        length: 104,
        severity: 'ERROR',
        code: '42P01',
        detail: undefined,
        hint: undefined,
        position: '13',
        internalPosition: undefined,
        internalQuery: undefined,
        where: undefined,
        schema: undefined,
        table: undefined,
        column: undefined,
        dataType: undefined,
        constraint: undefined,
        file: 'parse_relation.c',
        line: '1449',
        routine: 'parserOpenTable'
      }

      20 |   }
      21 |
    > 22 |   console.error('[unhandled]', err);
         |           ^
      23 |   res.status(500).json({ message: 'Internal server error' });
      24 | };
      25 |

      at errorHandler (src/middleware/errorHandler.ts:22:11)
      at Layer.handle_error (../node_modules/express/lib/router/layer.js:71:5)
      at trim_prefix (../node_modules/express/lib/router/index.js:326:13)
      at ../node_modules/express/lib/router/index.js:286:9
      at router.process_params (../node_modules/express/lib/router/index.js:346:12)
      at next (../node_modules/express/lib/router/index.js:280:10)
      at ../node_modules/express/lib/router/index.js:646:15
      at next (../node_modules/express/lib/router/index.js:265:14)
      at next (../node_modules/express/lib/router/route.js:141:14)

    console.error
      [unhandled] error: relation "users" does not exist
          at /Users/nguyenviethung/.config/superpowers/worktrees/marketplace-platform-superpowers/marketplace-implementation/node_modules/pg-pool/index.js:45:11
          at processTicksAndRejections (node:internal/process/task_queues:103:5)
          at AuthService.register (/Users/nguyenviethung/.config/superpowers/worktrees/marketplace-platform-superpowers/marketplace-implementation/backend/src/modules/auth/service.ts:45:22)
          at AuthController.register (/Users/nguyenviethung/.config/superpowers/worktrees/marketplace-platform-superpowers/marketplace-implementation/backend/src/modules/auth/controller.ts:7:20) {
        length: 104,
        severity: 'ERROR',
        code: '42P01',
        detail: undefined,
        hint: undefined,
        position: '13',
        internalPosition: undefined,
        internalQuery: undefined,
        where: undefined,
        schema: undefined,
        table: undefined,
        column: undefined,
        dataType: undefined,
        constraint: undefined,
        file: 'parse_relation.c',
        line: '1449',
        routine: 'parserOpenTable'
      }

      20 |   }
      21 |
    > 22 |   console.error('[unhandled]', err);
         |           ^
      23 |   res.status(500).json({ message: 'Internal server error' });
      24 | };
      25 |

      at errorHandler (src/middleware/errorHandler.ts:22:11)
      at Layer.handle_error (../node_modules/express/lib/router/layer.js:71:5)
      at trim_prefix (../node_modules/express/lib/router/index.js:326:13)
      at ../node_modules/express/lib/router/index.js:286:9
      at router.process_params (../node_modules/express/lib/router/index.js:346:12)
      at next (../node_modules/express/lib/router/index.js:280:10)
      at ../node_modules/express/lib/router/index.js:646:15
      at next (../node_modules/express/lib/router/index.js:265:14)
      at next (../node_modules/express/lib/router/route.js:141:14)

    console.error
      [unhandled] error: relation "users" does not exist
          at /Users/nguyenviethung/.config/superpowers/worktrees/marketplace-platform-superpowers/marketplace-implementation/node_modules/pg-pool/index.js:45:11
          at processTicksAndRejections (node:internal/process/task_queues:103:5)
          at AuthService.register (/Users/nguyenviethung/.config/superpowers/worktrees/marketplace-platform-superpowers/marketplace-implementation/backend/src/modules/auth/service.ts:45:22)
          at AuthController.register (/Users/nguyenviethung/.config/superpowers/worktrees/marketplace-platform-superpowers/marketplace-implementation/backend/src/modules/auth/controller.ts:7:20) {
        length: 104,
        severity: 'ERROR',
        code: '42P01',
        detail: undefined,
        hint: undefined,
        position: '13',
        internalPosition: undefined,
        internalQuery: undefined,
        where: undefined,
        schema: undefined,
        table: undefined,
        column: undefined,
        dataType: undefined,
        constraint: undefined,
        file: 'parse_relation.c',
        line: '1449',
        routine: 'parserOpenTable'
      }

      20 |   }
      21 |
    > 22 |   console.error('[unhandled]', err);
         |           ^
      23 |   res.status(500).json({ message: 'Internal server error' });
      24 | };
      25 |

      at errorHandler (src/middleware/errorHandler.ts:22:11)
      at Layer.handle_error (../node_modules/express/lib/router/layer.js:71:5)
      at trim_prefix (../node_modules/express/lib/router/index.js:326:13)
      at ../node_modules/express/lib/router/index.js:286:9
      at router.process_params (../node_modules/express/lib/router/index.js:346:12)
      at next (../node_modules/express/lib/router/index.js:280:10)
      at ../node_modules/express/lib/router/index.js:646:15
      at next (../node_modules/express/lib/router/index.js:265:14)
      at next (../node_modules/express/lib/router/route.js:141:14)

    console.error
      [unhandled] error: relation "users" does not exist
          at /Users/nguyenviethung/.config/superpowers/worktrees/marketplace-platform-superpowers/marketplace-implementation/node_modules/pg-pool/index.js:45:11
          at processTicksAndRejections (node:internal/process/task_queues:103:5)
          at AuthService.register (/Users/nguyenviethung/.config/superpowers/worktrees/marketplace-platform-superpowers/marketplace-implementation/backend/src/modules/auth/service.ts:45:22)
          at AuthController.register (/Users/nguyenviethung/.config/superpowers/worktrees/marketplace-platform-superpowers/marketplace-implementation/backend/src/modules/auth/controller.ts:7:20) {
        length: 104,
        severity: 'ERROR',
        code: '42P01',
        detail: undefined,
        hint: undefined,
        position: '13',
        internalPosition: undefined,
        internalQuery: undefined,
        where: undefined,
        schema: undefined,
        table: undefined,
        column: undefined,
        dataType: undefined,
        constraint: undefined,
        file: 'parse_relation.c',
        line: '1449',
        routine: 'parserOpenTable'
      }

      20 |   }
      21 |
    > 22 |   console.error('[unhandled]', err);
         |           ^
      23 |   res.status(500).json({ message: 'Internal server error' });
      24 | };
      25 |

      at errorHandler (src/middleware/errorHandler.ts:22:11)
      at Layer.handle_error (../node_modules/express/lib/router/layer.js:71:5)
      at trim_prefix (../node_modules/express/lib/router/index.js:326:13)
      at ../node_modules/express/lib/router/index.js:286:9
      at router.process_params (../node_modules/express/lib/router/index.js:346:12)
      at next (../node_modules/express/lib/router/index.js:280:10)
      at ../node_modules/express/lib/router/index.js:646:15
      at next (../node_modules/express/lib/router/index.js:265:14)
      at next (../node_modules/express/lib/router/route.js:141:14)

    console.error
      [unhandled] error: relation "users" does not exist
          at /Users/nguyenviethung/.config/superpowers/worktrees/marketplace-platform-superpowers/marketplace-implementation/node_modules/pg-pool/index.js:45:11
          at processTicksAndRejections (node:internal/process/task_queues:103:5)
          at AuthService.register (/Users/nguyenviethung/.config/superpowers/worktrees/marketplace-platform-superpowers/marketplace-implementation/backend/src/modules/auth/service.ts:45:22)
          at AuthController.register (/Users/nguyenviethung/.config/superpowers/worktrees/marketplace-platform-superpowers/marketplace-implementation/backend/src/modules/auth/controller.ts:7:20) {
        length: 104,
        severity: 'ERROR',
        code: '42P01',
        detail: undefined,
        hint: undefined,
        position: '13',
        internalPosition: undefined,
        internalQuery: undefined,
        where: undefined,
        schema: undefined,
        table: undefined,
        column: undefined,
        dataType: undefined,
        constraint: undefined,
        file: 'parse_relation.c',
        line: '1449',
        routine: 'parserOpenTable'
      }

      20 |   }
      21 |
    > 22 |   console.error('[unhandled]', err);
         |           ^
      23 |   res.status(500).json({ message: 'Internal server error' });
      24 | };
      25 |

      at errorHandler (src/middleware/errorHandler.ts:22:11)
      at Layer.handle_error (../node_modules/express/lib/router/layer.js:71:5)
      at trim_prefix (../node_modules/express/lib/router/index.js:326:13)
      at ../node_modules/express/lib/router/index.js:286:9
      at router.process_params (../node_modules/express/lib/router/index.js:346:12)
      at next (../node_modules/express/lib/router/index.js:280:10)
      at ../node_modules/express/lib/router/index.js:646:15
      at next (../node_modules/express/lib/router/index.js:265:14)
      at next (../node_modules/express/lib/router/route.js:141:14)

    console.error
      [unhandled] error: relation "users" does not exist
          at /Users/nguyenviethung/.config/superpowers/worktrees/marketplace-platform-superpowers/marketplace-implementation/node_modules/pg-pool/index.js:45:11
          at processTicksAndRejections (node:internal/process/task_queues:103:5)
          at AuthService.register (/Users/nguyenviethung/.config/superpowers/worktrees/marketplace-platform-superpowers/marketplace-implementation/backend/src/modules/auth/service.ts:45:22)
          at AuthController.register (/Users/nguyenviethung/.config/superpowers/worktrees/marketplace-platform-superpowers/marketplace-implementation/backend/src/modules/auth/controller.ts:7:20) {
        length: 104,
        severity: 'ERROR',
        code: '42P01',
        detail: undefined,
        hint: undefined,
        position: '13',
        internalPosition: undefined,
        internalQuery: undefined,
        where: undefined,
        schema: undefined,
        table: undefined,
        column: undefined,
        dataType: undefined,
        constraint: undefined,
        file: 'parse_relation.c',
        line: '1449',
        routine: 'parserOpenTable'
      }

      20 |   }
      21 |
    > 22 |   console.error('[unhandled]', err);
         |           ^
      23 |   res.status(500).json({ message: 'Internal server error' });
      24 | };
      25 |

      at errorHandler (src/middleware/errorHandler.ts:22:11)
      at Layer.handle_error (../node_modules/express/lib/router/layer.js:71:5)
      at trim_prefix (../node_modules/express/lib/router/index.js:326:13)
      at ../node_modules/express/lib/router/index.js:286:9
      at router.process_params (../node_modules/express/lib/router/index.js:346:12)
      at next (../node_modules/express/lib/router/index.js:280:10)
      at ../node_modules/express/lib/router/index.js:646:15
      at next (../node_modules/express/lib/router/index.js:265:14)
      at next (../node_modules/express/lib/router/route.js:141:14)

    console.error
      [unhandled] error: relation "users" does not exist
          at /Users/nguyenviethung/.config/superpowers/worktrees/marketplace-platform-superpowers/marketplace-implementation/node_modules/pg-pool/index.js:45:11
          at processTicksAndRejections (node:internal/process/task_queues:103:5)
          at AuthService.register (/Users/nguyenviethung/.config/superpowers/worktrees/marketplace-platform-superpowers/marketplace-implementation/backend/src/modules/auth/service.ts:45:22)
          at AuthController.register (/Users/nguyenviethung/.config/superpowers/worktrees/marketplace-platform-superpowers/marketplace-implementation/backend/src/modules/auth/controller.ts:7:20) {
        length: 104,
        severity: 'ERROR',
        code: '42P01',
        detail: undefined,
        hint: undefined,
        position: '13',
        internalPosition: undefined,
        internalQuery: undefined,
        where: undefined,
        schema: undefined,
        table: undefined,
        column: undefined,
        dataType: undefined,
        constraint: undefined,
        file: 'parse_relation.c',
        line: '1449',
        routine: 'parserOpenTable'
      }

      20 |   }
      21 |
    > 22 |   console.error('[unhandled]', err);
         |           ^
      23 |   res.status(500).json({ message: 'Internal server error' });
      24 | };
      25 |

      at errorHandler (src/middleware/errorHandler.ts:22:11)
      at Layer.handle_error (../node_modules/express/lib/router/layer.js:71:5)
      at trim_prefix (../node_modules/express/lib/router/index.js:326:13)
      at ../node_modules/express/lib/router/index.js:286:9
      at router.process_params (../node_modules/express/lib/router/index.js:346:12)
      at next (../node_modules/express/lib/router/index.js:280:10)
      at ../node_modules/express/lib/router/index.js:646:15
      at next (../node_modules/express/lib/router/index.js:265:14)
      at next (../node_modules/express/lib/router/route.js:141:14)

  ● Auth Endpoints - Integration Tests › POST /api/auth/register › should return 201 with user and token on valid request

    expect(received).toBe(expected) // Object.is equality

    Expected: 201
    Received: 500

      65 |         });
      66 |
    > 67 |       expect(res.status).toBe(201);
         |                          ^
      68 |       expect(res.body).toHaveProperty('user');
      69 |       expect(res.body).toHaveProperty('token');
      70 |       expect(res.body.user).toHaveProperty('id');

      at Object.<anonymous> (tests/integration/modules/auth/endpoints.integration.test.ts:67:26)

  ● Auth Endpoints - Integration Tests › POST /api/auth/register › should return 201 with user and token on valid request

    error: relation "sessions" does not exist

      49 |
      50 | async function cleanupDatabase() {
    > 51 |   await db.query('TRUNCATE sessions CASCADE');
         |   ^
      52 |   await db.query('TRUNCATE users CASCADE');
      53 | }
      54 |

      at ../node_modules/pg-pool/index.js:45:11
      at cleanupDatabase (tests/integration/modules/auth/endpoints.integration.test.ts:51:3)
      at Object.<anonymous> (tests/integration/modules/auth/endpoints.integration.test.ts:17:3)

  ● Auth Endpoints - Integration Tests › POST /api/auth/register › should create sessions row with correct expires_at

    TypeError: The "data" argument must be of type string or an instance of Buffer, TypedArray, or DataView. Received undefined

      89 |
      90 |       const token = res.body.token;
    > 91 |       const tokenHash = createHash('sha256').update(token).digest('hex');
         |                                              ^
      92 |       const sessionResult = await db.query(
      93 |         'SELECT expires_at FROM sessions WHERE token_hash = $1',
      94 |         [tokenHash]

      at Object.<anonymous> (tests/integration/modules/auth/endpoints.integration.test.ts:91:46)

  ● Auth Endpoints - Integration Tests › POST /api/auth/register › should create sessions row with correct expires_at

    error: relation "sessions" does not exist

      49 |
      50 | async function cleanupDatabase() {
    > 51 |   await db.query('TRUNCATE sessions CASCADE');
         |   ^
      52 |   await db.query('TRUNCATE users CASCADE');
      53 | }
      54 |

      at ../node_modules/pg-pool/index.js:45:11
      at cleanupDatabase (tests/integration/modules/auth/endpoints.integration.test.ts:51:3)
      at Object.<anonymous> (tests/integration/modules/auth/endpoints.integration.test.ts:17:3)

  ● Auth Endpoints - Integration Tests › POST /api/auth/register › should hash password before insertion

    error: relation "users" does not exist

      113 |         });
      114 |
    > 115 |       const userResult = await db.query(
          |                          ^
      116 |         'SELECT password_hash FROM users WHERE email = $1',
      117 |         ['user@example.com']
      118 |       );

      at ../node_modules/pg-pool/index.js:45:11
      at Object.<anonymous> (tests/integration/modules/auth/endpoints.integration.test.ts:115:26)

  ● Auth Endpoints - Integration Tests › POST /api/auth/register › should hash password before insertion

    error: relation "sessions" does not exist

      49 |
      50 | async function cleanupDatabase() {
    > 51 |   await db.query('TRUNCATE sessions CASCADE');
         |   ^
      52 |   await db.query('TRUNCATE users CASCADE');
      53 | }
      54 |

      at ../node_modules/pg-pool/index.js:45:11
      at cleanupDatabase (tests/integration/modules/auth/endpoints.integration.test.ts:51:3)
      at Object.<anonymous> (tests/integration/modules/auth/endpoints.integration.test.ts:17:3)

  ● Auth Endpoints - Integration Tests › POST /api/auth/register › should return 409 on duplicate email

    expect(received).toBe(expected) // Object.is equality

    Expected: 409
    Received: 500

      143 |         });
      144 |
    > 145 |       expect(res.status).toBe(409);
          |                          ^
      146 |       expect(res.body.message).toBe('Email already exists');
      147 |     });
      148 |

      at Object.<anonymous> (tests/integration/modules/auth/endpoints.integration.test.ts:145:26)

  ● Auth Endpoints - Integration Tests › POST /api/auth/register › should return 409 on duplicate email

    error: relation "sessions" does not exist

      49 |
      50 | async function cleanupDatabase() {
    > 51 |   await db.query('TRUNCATE sessions CASCADE');
         |   ^
      52 |   await db.query('TRUNCATE users CASCADE');
      53 | }
      54 |

      at ../node_modules/pg-pool/index.js:45:11
      at cleanupDatabase (tests/integration/modules/auth/endpoints.integration.test.ts:51:3)
      at Object.<anonymous> (tests/integration/modules/auth/endpoints.integration.test.ts:17:3)

  ● Auth Endpoints - Integration Tests › POST /api/auth/register › should return 400 for missing role field

    error: relation "sessions" does not exist

      49 |
      50 | async function cleanupDatabase() {
    > 51 |   await db.query('TRUNCATE sessions CASCADE');
         |   ^
      52 |   await db.query('TRUNCATE users CASCADE');
      53 | }
      54 |

      at ../node_modules/pg-pool/index.js:45:11
      at cleanupDatabase (tests/integration/modules/auth/endpoints.integration.test.ts:51:3)
      at Object.<anonymous> (tests/integration/modules/auth/endpoints.integration.test.ts:17:3)

  ● Auth Endpoints - Integration Tests › POST /api/auth/register › should return 400 for role="admin"

    error: relation "sessions" does not exist

      49 |
      50 | async function cleanupDatabase() {
    > 51 |   await db.query('TRUNCATE sessions CASCADE');
         |   ^
      52 |   await db.query('TRUNCATE users CASCADE');
      53 | }
      54 |

      at ../node_modules/pg-pool/index.js:45:11
      at cleanupDatabase (tests/integration/modules/auth/endpoints.integration.test.ts:51:3)
      at Object.<anonymous> (tests/integration/modules/auth/endpoints.integration.test.ts:17:3)

  ● Auth Endpoints - Integration Tests › POST /api/auth/register › should return 400 for invalid role

    error: relation "sessions" does not exist

      49 |
      50 | async function cleanupDatabase() {
    > 51 |   await db.query('TRUNCATE sessions CASCADE');
         |   ^
      52 |   await db.query('TRUNCATE users CASCADE');
      53 | }
      54 |

      at ../node_modules/pg-pool/index.js:45:11
      at cleanupDatabase (tests/integration/modules/auth/endpoints.integration.test.ts:51:3)
      at Object.<anonymous> (tests/integration/modules/auth/endpoints.integration.test.ts:17:3)

  ● Auth Endpoints - Integration Tests › POST /api/auth/register › should create user with role="buyer"

    expect(received).toBe(expected) // Object.is equality

    Expected: 201
    Received: 500

      201 |         });
      202 |
    > 203 |       expect(res.status).toBe(201);
          |                          ^
      204 |       expect(res.body.user.role).toBe('buyer');
      205 |     });
      206 |

      at Object.<anonymous> (tests/integration/modules/auth/endpoints.integration.test.ts:203:26)

  ● Auth Endpoints - Integration Tests › POST /api/auth/register › should create user with role="buyer"

    error: relation "sessions" does not exist

      49 |
      50 | async function cleanupDatabase() {
    > 51 |   await db.query('TRUNCATE sessions CASCADE');
         |   ^
      52 |   await db.query('TRUNCATE users CASCADE');
      53 | }
      54 |

      at ../node_modules/pg-pool/index.js:45:11
      at cleanupDatabase (tests/integration/modules/auth/endpoints.integration.test.ts:51:3)
      at Object.<anonymous> (tests/integration/modules/auth/endpoints.integration.test.ts:17:3)

  ● Auth Endpoints - Integration Tests › POST /api/auth/register › should create user with role="seller"

    expect(received).toBe(expected) // Object.is equality

    Expected: 201
    Received: 500

      215 |         });
      216 |
    > 217 |       expect(res.status).toBe(201);
          |                          ^
      218 |       expect(res.body.user.role).toBe('seller');
      219 |     });
      220 |

      at Object.<anonymous> (tests/integration/modules/auth/endpoints.integration.test.ts:217:26)

  ● Auth Endpoints - Integration Tests › POST /api/auth/register › should create user with role="seller"

    error: relation "sessions" does not exist

      49 |
      50 | async function cleanupDatabase() {
    > 51 |   await db.query('TRUNCATE sessions CASCADE');
         |   ^
      52 |   await db.query('TRUNCATE users CASCADE');
      53 | }
      54 |

      at ../node_modules/pg-pool/index.js:45:11
      at cleanupDatabase (tests/integration/modules/auth/endpoints.integration.test.ts:51:3)
      at Object.<anonymous> (tests/integration/modules/auth/endpoints.integration.test.ts:17:3)

  ● Auth Endpoints - Integration Tests › POST /api/auth/register › should return 400 for password less than 8 chars

    error: relation "sessions" does not exist

      49 |
      50 | async function cleanupDatabase() {
    > 51 |   await db.query('TRUNCATE sessions CASCADE');
         |   ^
      52 |   await db.query('TRUNCATE users CASCADE');
      53 | }
      54 |

      at ../node_modules/pg-pool/index.js:45:11
      at cleanupDatabase (tests/integration/modules/auth/endpoints.integration.test.ts:51:3)
      at Object.<anonymous> (tests/integration/modules/auth/endpoints.integration.test.ts:17:3)

  ● Auth Endpoints - Integration Tests › POST /api/auth/register › should return 400 for invalid email format

    error: relation "sessions" does not exist

      49 |
      50 | async function cleanupDatabase() {
    > 51 |   await db.query('TRUNCATE sessions CASCADE');
         |   ^
      52 |   await db.query('TRUNCATE users CASCADE');
      53 | }
      54 |

      at ../node_modules/pg-pool/index.js:45:11
      at cleanupDatabase (tests/integration/modules/auth/endpoints.integration.test.ts:51:3)
      at Object.<anonymous> (tests/integration/modules/auth/endpoints.integration.test.ts:17:3)

  ● Auth Endpoints - Integration Tests › POST /api/auth/register › should return 400 for empty full_name

    error: relation "sessions" does not exist

      49 |
      50 | async function cleanupDatabase() {
    > 51 |   await db.query('TRUNCATE sessions CASCADE');
         |   ^
      52 |   await db.query('TRUNCATE users CASCADE');
      53 | }
      54 |

      at ../node_modules/pg-pool/index.js:45:11
      at cleanupDatabase (tests/integration/modules/auth/endpoints.integration.test.ts:51:3)
      at Object.<anonymous> (tests/integration/modules/auth/endpoints.integration.test.ts:17:3)

  ● Auth Endpoints - Integration Tests › POST /api/auth/register › should handle concurrent duplicate email requests

    expect(received).toBe(expected) // Object.is equality

    Expected: 2
    Received: 0

      282 |       const conflictCount = results.filter((r) => r.status === 409).length;
      283 |
    > 284 |       expect(successCount + conflictCount).toBe(2);
          |                                            ^
      285 |       expect(successCount).toBeGreaterThanOrEqual(1);
      286 |       expect(conflictCount).toBeGreaterThanOrEqual(1);
      287 |     });

      at Object.<anonymous> (tests/integration/modules/auth/endpoints.integration.test.ts:284:44)

  ● Auth Endpoints - Integration Tests › POST /api/auth/register › should handle concurrent duplicate email requests

    error: relation "sessions" does not exist

      49 |
      50 | async function cleanupDatabase() {
    > 51 |   await db.query('TRUNCATE sessions CASCADE');
         |   ^
      52 |   await db.query('TRUNCATE users CASCADE');
      53 | }
      54 |

      at ../node_modules/pg-pool/index.js:45:11
      at cleanupDatabase (tests/integration/modules/auth/endpoints.integration.test.ts:51:3)
      at Object.<anonymous> (tests/integration/modules/auth/endpoints.integration.test.ts:17:3)

  ● Auth Endpoints - Integration Tests › POST /api/auth/login › should return 200 with user and token on valid credentials

    error: relation "users" does not exist

      292 |       // Create a test user
      293 |       const passwordHash = await bcryptjs.hash('password123', 10);
    > 294 |       await db.query(
          |       ^
      295 |         'INSERT INTO users (email, password_hash, full_name, role) VALUES ($1, $2, $3, $4)',
      296 |         ['user@example.com', passwordHash, 'Test User', 'buyer']
      297 |       );

      at ../node_modules/pg-pool/index.js:45:11
      at Object.<anonymous> (tests/integration/modules/auth/endpoints.integration.test.ts:294:7)

  ● Auth Endpoints - Integration Tests › POST /api/auth/login › should return 200 with user and token on valid credentials

    error: relation "sessions" does not exist

      49 |
      50 | async function cleanupDatabase() {
    > 51 |   await db.query('TRUNCATE sessions CASCADE');
         |   ^
      52 |   await db.query('TRUNCATE users CASCADE');
      53 | }
      54 |

      at ../node_modules/pg-pool/index.js:45:11
      at cleanupDatabase (tests/integration/modules/auth/endpoints.integration.test.ts:51:3)
      at Object.<anonymous> (tests/integration/modules/auth/endpoints.integration.test.ts:17:3)

  ● Auth Endpoints - Integration Tests › POST /api/auth/login › should create sessions row linked to user

    error: relation "users" does not exist

      292 |       // Create a test user
      293 |       const passwordHash = await bcryptjs.hash('password123', 10);
    > 294 |       await db.query(
          |       ^
      295 |         'INSERT INTO users (email, password_hash, full_name, role) VALUES ($1, $2, $3, $4)',
      296 |         ['user@example.com', passwordHash, 'Test User', 'buyer']
      297 |       );

      at ../node_modules/pg-pool/index.js:45:11
      at Object.<anonymous> (tests/integration/modules/auth/endpoints.integration.test.ts:294:7)

  ● Auth Endpoints - Integration Tests › POST /api/auth/login › should create sessions row linked to user

    error: relation "sessions" does not exist

      49 |
      50 | async function cleanupDatabase() {
    > 51 |   await db.query('TRUNCATE sessions CASCADE');
         |   ^
      52 |   await db.query('TRUNCATE users CASCADE');
      53 | }
      54 |

      at ../node_modules/pg-pool/index.js:45:11
      at cleanupDatabase (tests/integration/modules/auth/endpoints.integration.test.ts:51:3)
      at Object.<anonymous> (tests/integration/modules/auth/endpoints.integration.test.ts:17:3)

  ● Auth Endpoints - Integration Tests › POST /api/auth/login › should return 401 for invalid email

    error: relation "users" does not exist

      292 |       // Create a test user
      293 |       const passwordHash = await bcryptjs.hash('password123', 10);
    > 294 |       await db.query(
          |       ^
      295 |         'INSERT INTO users (email, password_hash, full_name, role) VALUES ($1, $2, $3, $4)',
      296 |         ['user@example.com', passwordHash, 'Test User', 'buyer']
      297 |       );

      at ../node_modules/pg-pool/index.js:45:11
      at Object.<anonymous> (tests/integration/modules/auth/endpoints.integration.test.ts:294:7)

  ● Auth Endpoints - Integration Tests › POST /api/auth/login › should return 401 for invalid email

    error: relation "sessions" does not exist

      49 |
      50 | async function cleanupDatabase() {
    > 51 |   await db.query('TRUNCATE sessions CASCADE');
         |   ^
      52 |   await db.query('TRUNCATE users CASCADE');
      53 | }
      54 |

      at ../node_modules/pg-pool/index.js:45:11
      at cleanupDatabase (tests/integration/modules/auth/endpoints.integration.test.ts:51:3)
      at Object.<anonymous> (tests/integration/modules/auth/endpoints.integration.test.ts:17:3)

  ● Auth Endpoints - Integration Tests › POST /api/auth/login › should return 401 for invalid password

    error: relation "users" does not exist

      292 |       // Create a test user
      293 |       const passwordHash = await bcryptjs.hash('password123', 10);
    > 294 |       await db.query(
          |       ^
      295 |         'INSERT INTO users (email, password_hash, full_name, role) VALUES ($1, $2, $3, $4)',
      296 |         ['user@example.com', passwordHash, 'Test User', 'buyer']
      297 |       );

      at ../node_modules/pg-pool/index.js:45:11
      at Object.<anonymous> (tests/integration/modules/auth/endpoints.integration.test.ts:294:7)

  ● Auth Endpoints - Integration Tests › POST /api/auth/login › should return 401 for invalid password

    error: relation "sessions" does not exist

      49 |
      50 | async function cleanupDatabase() {
    > 51 |   await db.query('TRUNCATE sessions CASCADE');
         |   ^
      52 |   await db.query('TRUNCATE users CASCADE');
      53 | }
      54 |

      at ../node_modules/pg-pool/index.js:45:11
      at cleanupDatabase (tests/integration/modules/auth/endpoints.integration.test.ts:51:3)
      at Object.<anonymous> (tests/integration/modules/auth/endpoints.integration.test.ts:17:3)

  ● Auth Endpoints - Integration Tests › POST /api/auth/login › should return 400 for invalid email format

    error: relation "users" does not exist

      292 |       // Create a test user
      293 |       const passwordHash = await bcryptjs.hash('password123', 10);
    > 294 |       await db.query(
          |       ^
      295 |         'INSERT INTO users (email, password_hash, full_name, role) VALUES ($1, $2, $3, $4)',
      296 |         ['user@example.com', passwordHash, 'Test User', 'buyer']
      297 |       );

      at ../node_modules/pg-pool/index.js:45:11
      at Object.<anonymous> (tests/integration/modules/auth/endpoints.integration.test.ts:294:7)

  ● Auth Endpoints - Integration Tests › POST /api/auth/login › should return 400 for invalid email format

    error: relation "sessions" does not exist

      49 |
      50 | async function cleanupDatabase() {
    > 51 |   await db.query('TRUNCATE sessions CASCADE');
         |   ^
      52 |   await db.query('TRUNCATE users CASCADE');
      53 | }
      54 |

      at ../node_modules/pg-pool/index.js:45:11
      at cleanupDatabase (tests/integration/modules/auth/endpoints.integration.test.ts:51:3)
      at Object.<anonymous> (tests/integration/modules/auth/endpoints.integration.test.ts:17:3)

  ● Auth Endpoints - Integration Tests › POST /api/auth/logout › should delete session and return 204 with valid JWT

    thrown: "Exceeded timeout of 5000 ms for a hook.
    Add a timeout value to this test to increase the timeout, if this is a long-running test. See https://jestjs.io/docs/api#testname-fn-timeout."

      375 |     let userId: string;
      376 |
    > 377 |     beforeEach(async () => {
          |     ^
      378 |       // Create and login user
      379 |       const registerRes = await request(app)
      380 |         .post('/api/auth/register')

      at tests/integration/modules/auth/endpoints.integration.test.ts:377:5
      at tests/integration/modules/auth/endpoints.integration.test.ts:372:3
      at Object.<anonymous> (tests/integration/modules/auth/endpoints.integration.test.ts:55:1)

  ● Auth Endpoints - Integration Tests › POST /api/auth/logout › should delete session and return 204 with valid JWT

    error: relation "sessions" does not exist

      49 |
      50 | async function cleanupDatabase() {
    > 51 |   await db.query('TRUNCATE sessions CASCADE');
         |   ^
      52 |   await db.query('TRUNCATE users CASCADE');
      53 | }
      54 |

      at ../node_modules/pg-pool/index.js:45:11
      at cleanupDatabase (tests/integration/modules/auth/endpoints.integration.test.ts:51:3)
      at Object.<anonymous> (tests/integration/modules/auth/endpoints.integration.test.ts:17:3)

  ● Auth Endpoints - Integration Tests › POST /api/auth/logout › should return 401 when missing Authorization header

    TypeError: Cannot read properties of undefined (reading 'id')

      387 |
      388 |       token = registerRes.body.token;
    > 389 |       userId = registerRes.body.user.id;
          |                                      ^
      390 |       tokenHash = createHash('sha256').update(token).digest('hex');
      391 |     });
      392 |

      at Object.<anonymous> (tests/integration/modules/auth/endpoints.integration.test.ts:389:38)

  ● Auth Endpoints - Integration Tests › POST /api/auth/logout › should return 401 when missing Authorization header

    error: relation "sessions" does not exist

      49 |
      50 | async function cleanupDatabase() {
    > 51 |   await db.query('TRUNCATE sessions CASCADE');
         |   ^
      52 |   await db.query('TRUNCATE users CASCADE');
      53 | }
      54 |

      at ../node_modules/pg-pool/index.js:45:11
      at cleanupDatabase (tests/integration/modules/auth/endpoints.integration.test.ts:51:3)
      at Object.<anonymous> (tests/integration/modules/auth/endpoints.integration.test.ts:17:3)

  ● Auth Endpoints - Integration Tests › POST /api/auth/logout › should return 401 for malformed Authorization header

    TypeError: Cannot read properties of undefined (reading 'id')

      387 |
      388 |       token = registerRes.body.token;
    > 389 |       userId = registerRes.body.user.id;
          |                                      ^
      390 |       tokenHash = createHash('sha256').update(token).digest('hex');
      391 |     });
      392 |

      at Object.<anonymous> (tests/integration/modules/auth/endpoints.integration.test.ts:389:38)

  ● Auth Endpoints - Integration Tests › POST /api/auth/logout › should return 401 for malformed Authorization header

    error: relation "sessions" does not exist

      49 |
      50 | async function cleanupDatabase() {
    > 51 |   await db.query('TRUNCATE sessions CASCADE');
         |   ^
      52 |   await db.query('TRUNCATE users CASCADE');
      53 | }
      54 |

      at ../node_modules/pg-pool/index.js:45:11
      at cleanupDatabase (tests/integration/modules/auth/endpoints.integration.test.ts:51:3)
      at Object.<anonymous> (tests/integration/modules/auth/endpoints.integration.test.ts:17:3)

  ● Auth Endpoints - Integration Tests › POST /api/auth/logout › should return 401 for revoked session

    TypeError: Cannot read properties of undefined (reading 'id')

      387 |
      388 |       token = registerRes.body.token;
    > 389 |       userId = registerRes.body.user.id;
          |                                      ^
      390 |       tokenHash = createHash('sha256').update(token).digest('hex');
      391 |     });
      392 |

      at Object.<anonymous> (tests/integration/modules/auth/endpoints.integration.test.ts:389:38)

  ● Auth Endpoints - Integration Tests › POST /api/auth/logout › should return 401 for revoked session

    error: relation "sessions" does not exist

      49 |
      50 | async function cleanupDatabase() {
    > 51 |   await db.query('TRUNCATE sessions CASCADE');
         |   ^
      52 |   await db.query('TRUNCATE users CASCADE');
      53 | }
      54 |

      at ../node_modules/pg-pool/index.js:45:11
      at cleanupDatabase (tests/integration/modules/auth/endpoints.integration.test.ts:51:3)
      at Object.<anonymous> (tests/integration/modules/auth/endpoints.integration.test.ts:17:3)

  ● Auth Endpoints - Integration Tests › POST /api/auth/logout › should isolate sessions between users

    TypeError: Cannot read properties of undefined (reading 'id')

      387 |
      388 |       token = registerRes.body.token;
    > 389 |       userId = registerRes.body.user.id;
          |                                      ^
      390 |       tokenHash = createHash('sha256').update(token).digest('hex');
      391 |     });
      392 |

      at Object.<anonymous> (tests/integration/modules/auth/endpoints.integration.test.ts:389:38)

  ● Auth Endpoints - Integration Tests › POST /api/auth/logout › should isolate sessions between users

    error: relation "sessions" does not exist

      49 |
      50 | async function cleanupDatabase() {
    > 51 |   await db.query('TRUNCATE sessions CASCADE');
         |   ^
      52 |   await db.query('TRUNCATE users CASCADE');
      53 | }
      54 |

      at ../node_modules/pg-pool/index.js:45:11
      at cleanupDatabase (tests/integration/modules/auth/endpoints.integration.test.ts:51:3)
      at Object.<anonymous> (tests/integration/modules/auth/endpoints.integration.test.ts:17:3)

  ● Auth Endpoints - Integration Tests › Session expiry validation › should reject expired token

    error: relation "users" does not exist

      474 |       // Create user manually with past expires_at
      475 |       const passwordHash = await bcryptjs.hash('password123', 10);
    > 476 |       const userResult = await db.query(
          |                          ^
      477 |         'INSERT INTO users (email, password_hash, full_name, role) VALUES ($1, $2, $3, $4) RETURNING id',
      478 |         ['expired@example.com', passwordHash, 'Expired User', 'buyer']
      479 |       );

      at ../node_modules/pg-pool/index.js:45:11
      at Object.<anonymous> (tests/integration/modules/auth/endpoints.integration.test.ts:476:26)

  ● Auth Endpoints - Integration Tests › Session expiry validation › should reject expired token

    error: relation "sessions" does not exist

      49 |
      50 | async function cleanupDatabase() {
    > 51 |   await db.query('TRUNCATE sessions CASCADE');
         |   ^
      52 |   await db.query('TRUNCATE users CASCADE');
      53 | }
      54 |

      at ../node_modules/pg-pool/index.js:45:11
      at cleanupDatabase (tests/integration/modules/auth/endpoints.integration.test.ts:51:3)
      at Object.<anonymous> (tests/integration/modules/auth/endpoints.integration.test.ts:17:3)

  ● Auth Endpoints - Integration Tests › Validation error response format › should return structured field errors on register validation failure

    error: relation "sessions" does not exist

      49 |
      50 | async function cleanupDatabase() {
    > 51 |   await db.query('TRUNCATE sessions CASCADE');
         |   ^
      52 |   await db.query('TRUNCATE users CASCADE');
      53 | }
      54 |

      at ../node_modules/pg-pool/index.js:45:11
      at cleanupDatabase (tests/integration/modules/auth/endpoints.integration.test.ts:51:3)
      at Object.<anonymous> (tests/integration/modules/auth/endpoints.integration.test.ts:17:3)

  ● Auth Endpoints - Integration Tests › Validation error response format › should return structured field errors on login validation failure

    error: relation "sessions" does not exist

      49 |
      50 | async function cleanupDatabase() {
    > 51 |   await db.query('TRUNCATE sessions CASCADE');
         |   ^
      52 |   await db.query('TRUNCATE users CASCADE');
      53 | }
      54 |

      at ../node_modules/pg-pool/index.js:45:11
      at cleanupDatabase (tests/integration/modules/auth/endpoints.integration.test.ts:51:3)
      at Object.<anonymous> (tests/integration/modules/auth/endpoints.integration.test.ts:17:3)

  ● Auth Endpoints - Integration Tests › JWT payload structure › should issue JWT with id, email, role payload

    JsonWebTokenError: jwt must be provided

      547 |
      548 |       const token = res.body.token;
    > 549 |       const decoded = jwt.verify(token, env.JWT_SECRET) as any;
          |                           ^
      550 |
      551 |       expect(decoded.id).toBeDefined();
      552 |       expect(decoded.email).toBe('jwt@example.com');

      at Object.<anonymous>.module.exports [as verify] (../node_modules/jsonwebtoken/verify.js:60:17)
      at Object.<anonymous> (tests/integration/modules/auth/endpoints.integration.test.ts:549:27)

  ● Auth Endpoints - Integration Tests › JWT payload structure › should issue JWT with id, email, role payload

    error: relation "sessions" does not exist

      49 |
      50 | async function cleanupDatabase() {
    > 51 |   await db.query('TRUNCATE sessions CASCADE');
         |   ^
      52 |   await db.query('TRUNCATE users CASCADE');
      53 | }
      54 |

      at ../node_modules/pg-pool/index.js:45:11
      at cleanupDatabase (tests/integration/modules/auth/endpoints.integration.test.ts:51:3)
      at Object.<anonymous> (tests/integration/modules/auth/endpoints.integration.test.ts:17:3)

A worker process has failed to exit gracefully and has been force exited. This is likely caused by tests leaking due to improper teardown. Try running with --detectOpenHandles to find leaks. Active timers can also cause this, ensure that .unref() was called on them.
Test Suites: 3 failed, 12 passed, 15 total
Tests:       51 failed, 116 passed, 167 total
Snapshots:   0 total
Time:        9.116 s
Ran all test suites.
npm error Lifecycle script `test` failed with error:
npm error code 1
npm error path /Users/nguyenviethung/.config/superpowers/worktrees/marketplace-platform-superpowers/marketplace-implementation/backend
npm error workspace backend@0.1.0
npm error location /Users/nguyenviethung/.config/superpowers/worktrees/marketplace-platform-superpowers/marketplace-implementation/backend
npm error command failed
npm error command sh -c jest
