
> backend@0.1.0 test
> jest --testPathPattern=tests/unit

PASS tests/unit/modules/auth/service.test.ts
PASS tests/unit/redis/client.test.ts
PASS tests/unit/db/migrations/runner.test.ts
  ● Console

    console.log
      Starting database migrations...

      at runMigrations (src/db/migrations/runner.ts:34:13)

    console.log
      Migrations table ensured.

      at runMigrations (src/db/migrations/runner.ts:38:13)

    console.log
      No migrations found.

      at runMigrations (src/db/migrations/runner.ts:45:15)

    console.log
      Starting database migrations...

      at runMigrations (src/db/migrations/runner.ts:34:13)

    console.log
      Starting database migrations...

      at runMigrations (src/db/migrations/runner.ts:34:13)

    console.log
      Migrations table ensured.

      at runMigrations (src/db/migrations/runner.ts:38:13)

    console.log
      No migrations found.

      at runMigrations (src/db/migrations/runner.ts:45:15)

    console.log
      Starting database migrations...

      at runMigrations (src/db/migrations/runner.ts:34:13)

    console.log
      Migrations table ensured.

      at runMigrations (src/db/migrations/runner.ts:38:13)

    console.log
      Found 1 migration(s).

      at runMigrations (src/db/migrations/runner.ts:49:13)

    console.log
      → 001_test.sql

      at runMigrations (src/db/migrations/runner.ts:66:17)

    console.log
      ✓ 001_test.sql (applied)

      at runMigrations (src/db/migrations/runner.ts:69:17)

    console.log
      
      Migrations complete. 1 new migration(s) applied.

      at runMigrations (src/db/migrations/runner.ts:78:13)

    console.log
      Starting database migrations...

      at runMigrations (src/db/migrations/runner.ts:34:13)

    console.log
      Migrations table ensured.

      at runMigrations (src/db/migrations/runner.ts:38:13)

    console.log
      Found 1 migration(s).

      at runMigrations (src/db/migrations/runner.ts:49:13)

    console.log
      ✓ 001_test.sql (already applied)

      at runMigrations (src/db/migrations/runner.ts:60:17)

    console.log
      
      Migrations complete. 0 new migration(s) applied.

      at runMigrations (src/db/migrations/runner.ts:78:13)

    console.log
      Starting database migrations...

      at runMigrations (src/db/migrations/runner.ts:34:13)

    console.log
      Migrations table ensured.

      at runMigrations (src/db/migrations/runner.ts:38:13)

    console.log
      Found 1 migration(s).

      at runMigrations (src/db/migrations/runner.ts:49:13)

    console.log
      → 001_test.sql

      at runMigrations (src/db/migrations/runner.ts:66:17)

    console.log
      ✓ 001_test.sql (applied)

      at runMigrations (src/db/migrations/runner.ts:69:17)

    console.log
      
      Migrations complete. 1 new migration(s) applied.

      at runMigrations (src/db/migrations/runner.ts:78:13)

    console.log
      Starting database migrations...

      at runMigrations (src/db/migrations/runner.ts:34:13)

    console.log
      Migrations table ensured.

      at runMigrations (src/db/migrations/runner.ts:38:13)

    console.log
      Found 3 migration(s).

      at runMigrations (src/db/migrations/runner.ts:49:13)

    console.log
      → 001_test.sql

      at runMigrations (src/db/migrations/runner.ts:66:17)

    console.log
      ✓ 001_test.sql (applied)

      at runMigrations (src/db/migrations/runner.ts:69:17)

    console.log
      → 002_test.sql

      at runMigrations (src/db/migrations/runner.ts:66:17)

    console.log
      ✓ 002_test.sql (applied)

      at runMigrations (src/db/migrations/runner.ts:69:17)

    console.log
      → 003_test.sql

      at runMigrations (src/db/migrations/runner.ts:66:17)

    console.log
      ✓ 003_test.sql (applied)

      at runMigrations (src/db/migrations/runner.ts:69:17)

    console.log
      
      Migrations complete. 3 new migration(s) applied.

      at runMigrations (src/db/migrations/runner.ts:78:13)

PASS tests/unit/middleware/auth.test.ts
PASS tests/unit/db/migrationUtils.test.ts
PASS tests/unit/config/env.test.ts
PASS tests/unit/db/client.test.ts
PASS tests/unit/redis/helpers.test.ts
PASS tests/unit/errors.test.ts
PASS tests/unit/middleware/errorHandler.test.ts
FAIL tests/unit/app.test.ts
  ● Test suite failed to run

    ZodError: [
      {
        "code": "invalid_type",
        "expected": "string",
        "received": "undefined",
        "path": [
          "DATABASE_URL"
        ],
        "message": "Required"
      },
      {
        "code": "invalid_type",
        "expected": "string",
        "received": "undefined",
        "path": [
          "JWT_SECRET"
        ],
        "message": "Required"
      }
    ]

      16 | });
      17 |
    > 18 | export const env = schema.parse(process.env);
         |                           ^
      19 |

      at Object.get error [as error] (../node_modules/zod/v3/types.cjs:45:31)
      at ZodObject.parse (../node_modules/zod/v3/types.cjs:120:22)
      at Object.<anonymous> (src/config/env.ts:18:27)
      at Object.<anonymous> (src/db/client.ts:2:1)
      at Object.<anonymous> (src/modules/auth/service.ts:4:1)
      at Object.<anonymous> (src/modules/auth/controller.ts:3:1)
      at Object.<anonymous> (src/modules/auth/router.ts:3:1)
      at Object.<anonymous> (src/app.ts:4:1)
      at Object.<anonymous> (tests/unit/app.test.ts:2:1)

    Errors contained in AggregateError:
     Required

            "code": "invalid_type",
            "expected": "string",
            "message": "Required",
            "path": Array [
              "DATABASE_URL",
            ],
            "received": "undefined",
          }

     Required

            "code": "invalid_type",
            "expected": "string",
            "message": "Required",
            "path": Array [
              "JWT_SECRET",
            ],
            "received": "undefined",
          }


Test Suites: 1 failed, 10 passed, 11 total
Tests:       92 passed, 92 total
Snapshots:   0 total
Time:        1.321 s
Ran all test suites matching /tests\/unit/i.
npm error Lifecycle script `test` failed with error:
npm error code 1
npm error path /Users/nguyenviethung/.config/superpowers/worktrees/marketplace-platform-superpowers/marketplace-implementation/backend
npm error workspace backend@0.1.0
npm error location /Users/nguyenviethung/.config/superpowers/worktrees/marketplace-platform-superpowers/marketplace-implementation/backend
npm error command failed
npm error command sh -c jest --testPathPattern=tests/unit
